Archive member included to satisfy reference by file (symbol)

../libdaisy/build\libdaisy.a(daisy_patch.o)
                              build/template.o (daisy::DaisyPatch::Init())
../libdaisy/build\libdaisy.a(per_adc.o)
                              ../libdaisy/build\libdaisy.a(daisy_patch.o) (dsy_adc_init)
../libdaisy/build\libdaisy.a(hid_audio.o)
                              ../libdaisy/build\libdaisy.a(daisy_patch.o) (dsy_audio_set_callback)
../libdaisy/build\libdaisy.a(sys_system.o)
                              ../libdaisy/build\libdaisy.a(daisy_patch.o) (dsy_system_getnow)
../libdaisy/build\libdaisy.a(per_i2c.o)
                              ../libdaisy/build\libdaisy.a(hid_audio.o) (dsy_i2c_init)
../libdaisy/build\libdaisy.a(per_sai.o)
                              ../libdaisy/build\libdaisy.a(hid_audio.o) (hsai_BlockA1)
../libdaisy/build\libdaisy.a(per_gpio.o)
                              ../libdaisy/build\libdaisy.a(daisy_patch.o) (dsy_gpio_init)
../libdaisy/build\libdaisy.a(per_dac.o)
                              ../libdaisy/build\libdaisy.a(daisy_patch.o) (dsy_dac_init)
../libdaisy/build\libdaisy.a(hid_ctrl.o)
                              ../libdaisy/build\libdaisy.a(daisy_patch.o) (daisy::AnalogControl::Init(unsigned short*, float, bool, bool, float))
../libdaisy/build\libdaisy.a(hid_encoder.o)
                              ../libdaisy/build\libdaisy.a(daisy_patch.o) (daisy::Encoder::Init(dsy_gpio_pin, dsy_gpio_pin, dsy_gpio_pin, float))
../libdaisy/build\libdaisy.a(hid_gatein.o)
                              ../libdaisy/build\libdaisy.a(daisy_patch.o) (daisy::GateIn::Init(dsy_gpio_pin*))
../libdaisy/build\libdaisy.a(hid_midi.o)
                              ../libdaisy/build\libdaisy.a(daisy_patch.o) (daisy::MidiHandler::Init(daisy::MidiHandler::MidiInputMode, daisy::MidiHandler::MidiOutputMode))
../libdaisy/build\libdaisy.a(hid_oled_display.o)
                              ../libdaisy/build\libdaisy.a(daisy_patch.o) (daisy::OledDisplay::Init(dsy_gpio_pin*))
../libdaisy/build\libdaisy.a(hid_switch.o)
                              ../libdaisy/build\libdaisy.a(hid_encoder.o) (daisy::Switch::Init(dsy_gpio_pin, float))
../libdaisy/build\libdaisy.a(util_hal_map.o)
                              ../libdaisy/build\libdaisy.a(per_adc.o) (dsy_hal_map_get_port)
../libdaisy/build\libdaisy.a(stm32h7xx_hal_adc.o)
                              ../libdaisy/build\libdaisy.a(per_adc.o) (HAL_ADC_ConfigChannel)
../libdaisy/build\libdaisy.a(stm32h7xx_hal_adc_ex.o)
                              ../libdaisy/build\libdaisy.a(per_adc.o) (HAL_ADCEx_Calibration_Start)
../libdaisy/build\libdaisy.a(stm32h7xx_hal_cortex.o)
                              ../libdaisy/build\libdaisy.a(sys_system.o) (HAL_MPU_Disable)
../libdaisy/build\libdaisy.a(stm32h7xx_hal_dac.o)
                              ../libdaisy/build\libdaisy.a(per_dac.o) (HAL_DAC_Init)
../libdaisy/build\libdaisy.a(stm32h7xx_hal_dac_ex.o)
                              ../libdaisy/build\libdaisy.a(stm32h7xx_hal_dac.o) (HAL_DACEx_DMAUnderrunCallbackCh2)
../libdaisy/build\libdaisy.a(stm32h7xx_hal_i2c.o)
                              ../libdaisy/build\libdaisy.a(per_i2c.o) (HAL_I2C_Init)
../libdaisy/build\libdaisy.a(stm32h7xx_hal_i2c_ex.o)
                              ../libdaisy/build\libdaisy.a(per_i2c.o) (HAL_I2CEx_ConfigAnalogFilter)
../libdaisy/build\libdaisy.a(stm32h7xx_hal_sai.o)
                              ../libdaisy/build\libdaisy.a(per_sai.o) (HAL_SAI_InitProtocol)
../libdaisy/build\libdaisy.a(stm32h7xx_hal_rcc.o)
                              ../libdaisy/build\libdaisy.a(sys_system.o) (HAL_RCC_OscConfig)
../libdaisy/build\libdaisy.a(stm32h7xx_hal_rcc_ex.o)
                              ../libdaisy/build\libdaisy.a(sys_system.o) (HAL_RCCEx_PeriphCLKConfig)
../libdaisy/build\libdaisy.a(stm32h7xx_hal_gpio.o)
                              ../libdaisy/build\libdaisy.a(per_adc.o) (HAL_GPIO_Init)
../libdaisy/build\libdaisy.a(stm32h7xx_hal_dma.o)
                              ../libdaisy/build\libdaisy.a(per_adc.o) (HAL_DMA_Init)
../libdaisy/build\libdaisy.a(stm32h7xx_hal_pwr_ex.o)
                              ../libdaisy/build\libdaisy.a(sys_system.o) (HAL_PWREx_ConfigSupply)
../libdaisy/build\libdaisy.a(stm32h7xx_hal.o)
                              ../libdaisy/build\libdaisy.a(stm32h7xx_hal_rcc.o) (HAL_InitTick)
../libdaisy/build\libdaisy.a(daisy_seed.o)
                              ../libdaisy/build\libdaisy.a(daisy_patch.o) (daisy::DaisySeed::Configure())
../libdaisy/build\libdaisy.a(dev_codec_pcm3060.o)
                              ../libdaisy/build\libdaisy.a(hid_audio.o) (codec_pcm3060_init)
../libdaisy/build\libdaisy.a(dev_codec_wm8731.o)
                              ../libdaisy/build\libdaisy.a(hid_audio.o) (codec_wm8731_init)
../libdaisy/build\libdaisy.a(dev_codec_ak4556.o)
                              ../libdaisy/build\libdaisy.a(hid_audio.o) (codec_ak4556_init)
../libdaisy/build\libdaisy.a(sys_dma.o)
[...]
Memory Configuration

Name             Origin             Length             Attributes
FLASH            0x08000000         0x00020000         xr
DTCMRAM          0x20000000         0x00020000         xrw
SRAM             0x24000000         0x00080000         xrw
RAM_D2           0x30000000         0x00048000         xrw
RAM_D3           0x38000000         0x00010000         xrw
ITCMRAM          0x00000000         0x00010000         xrw
SDRAM            0xc0000000         0x04000000         xrw
QSPIFLASH        0x90000000         0x00800000         xr
*default*        0x00000000         0xffffffff

Linker script and memory map

LOAD c:/program files (x86)/gnu tools arm embedded/8 2019-q3-update/bin/../lib/gcc/arm-none-eabi/8.3.1/thumb/v7e-m+dp/hard/crti.o
LOAD c:/program files (x86)/gnu tools arm embedded/8 2019-q3-update/bin/../lib/gcc/arm-none-eabi/8.3.1/thumb/v7e-m+dp/hard/crtbegin.o
LOAD c:/program files (x86)/gnu tools arm embedded/8 2019-q3-update/bin/../lib/gcc/arm-none-eabi/8.3.1/../../../../arm-none-eabi/lib/thumb/v7e-m+dp/hard/crt0.o
LOAD build/system_stm32h7xx.o
LOAD build/template.o
LOAD build/startup_stm32h750xx.o
LOAD ../libdaisy/build\libdaisy.a
LOAD c:/program files (x86)/gnu tools arm embedded/8 2019-q3-update/bin/../lib/gcc/arm-none-eabi/8.3.1/../../../../arm-none-eabi/lib/thumb/v7e-m+dp/hard\libnosys.a
LOAD c:/program files (x86)/gnu tools arm embedded/8 2019-q3-update/bin/../lib/gcc/arm-none-eabi/8.3.1/../../../../arm-none-eabi/lib/thumb/v7e-m+dp/hard\libstdc++_nano.a
LOAD c:/program files (x86)/gnu tools arm embedded/8 2019-q3-update/bin/../lib/gcc/arm-none-eabi/8.3.1/../../../../arm-none-eabi/lib/thumb/v7e-m+dp/hard\libm.a
LOAD c:/program files (x86)/gnu tools arm embedded/8 2019-q3-update/bin/../lib/gcc/arm-none-eabi/8.3.1/../../../../arm-none-eabi/lib/thumb/v7e-m+dp/hard\libc_nano.a
START GROUP
LOAD c:/program files (x86)/gnu tools arm embedded/8 2019-q3-update/bin/../lib/gcc/arm-none-eabi/8.3.1/thumb/v7e-m+dp/hard\libgcc.a
LOAD c:/program files (x86)/gnu tools arm embedded/8 2019-q3-update/bin/../lib/gcc/arm-none-eabi/8.3.1/../../../../arm-none-eabi/lib/thumb/v7e-m+dp/hard\libc_nano.a
END GROUP
START GROUP
LOAD c:/program files (x86)/gnu tools arm embedded/8 2019-q3-update/bin/../lib/gcc/arm-none-eabi/8.3.1/thumb/v7e-m+dp/hard\libgcc.a
LOAD c:/program files (x86)/gnu tools arm embedded/8 2019-q3-update/bin/../lib/gcc/arm-none-eabi/8.3.1/../../../../arm-none-eabi/lib/thumb/v7e-m+dp/hard\libc_nano.a
LOAD c:/program files (x86)/gnu tools arm embedded/8 2019-q3-update/bin/../lib/gcc/arm-none-eabi/8.3.1/../../../../arm-none-eabi/lib/thumb/v7e-m+dp/hard\libnosys.a
END GROUP
START GROUP
LOAD c:/program files (x86)/gnu tools arm embedded/8 2019-q3-update/bin/../lib/gcc/arm-none-eabi/8.3.1/thumb/v7e-m+dp/hard\libgcc.a
LOAD c:/program files (x86)/gnu tools arm embedded/8 2019-q3-update/bin/../lib/gcc/arm-none-eabi/8.3.1/../../../../arm-none-eabi/lib/thumb/v7e-m+dp/hard\libc_nano.a
LOAD c:/program files (x86)/gnu tools arm embedded/8 2019-q3-update/bin/../lib/gcc/arm-none-eabi/8.3.1/../../../../arm-none-eabi/lib/thumb/v7e-m+dp/hard\libnosys.a
END GROUP
LOAD c:/program files (x86)/gnu tools arm embedded/8 2019-q3-update/bin/../lib/gcc/arm-none-eabi/8.3.1/thumb/v7e-m+dp/hard/crtend.o
LOAD c:/program files (x86)/gnu tools arm embedded/8 2019-q3-update/bin/../lib/gcc/arm-none-eabi/8.3.1/thumb/v7e-m+dp/hard/crtn.o
                0x20020000                _estack = 0x20020000

.isr_vector     0x08000000      0x298
                0x08000000                . = ALIGN (0x4)
 *(.isr_vector)
 .isr_vector    0x08000000      0x298 build/startup_stm32h750xx.o
                0x08000000                g_pfnVectors
                0x08000298                . = ALIGN (0x4)

.eh_frame       0x08000298        0x0
 .eh_frame      0x08000298        0x0 c:/program files (x86)/gnu tools arm embedded/8 2019-q3-update/bin/../lib/gcc/arm-none-eabi/8.3.1/thumb/v7e-m+dp/hard/crtbegin.o

.text           0x08000298     0xb464
                0x08000298                . = ALIGN (0x4)
                0x08000298                _stext = .
 *(.text)
 .text          0x08000298       0x40 c:/program files (x86)/gnu tools arm embedded/8 2019-q3-update/bin/../lib/gcc/arm-none-eabi/8.3.1/thumb/v7e-m+dp/hard/crtbegin.o
 .text          0x080002d8       0x30 c:/program files (x86)/gnu tools arm embedded/8 2019-q3-update/bin/../lib/gcc/arm-none-eabi/8.3.1/thumb/v7e-m+dp/hard\libgcc.a(_aeabi_uldivmod.o)
                0x080002d8                __aeabi_uldivmod
 .text          0x08000308      0x2d0 c:/program files (x86)/gnu tools arm embedded/8 2019-q3-update/bin/../lib/gcc/arm-none-eabi/8.3.1/thumb/v7e-m+dp/hard\libgcc.a(_udivmoddi4.o)
                0x08000308                __udivmoddi4
 .text          0x080005d8        0x4 c:/program files (x86)/gnu tools arm embedded/8 2019-q3-update/bin/../lib/gcc/arm-none-eabi/8.3.1/thumb/v7e-m+dp/hard\libgcc.a(_dvmd_tls.o)
                0x080005d8                __aeabi_idiv0
                0x080005d8                __aeabi_ldiv0
 *(.text*)
 .text.SystemInit
                0x080005dc       0x80 build/system_stm32h7xx.o
                0x080005dc                SystemInit
 .text._ZN5daisy10DaisyPatchD2Ev
                0x0800065c        0x4 build/template.o
                0x0800065c                daisy::DaisyPatch::~DaisyPatch()
                0x0800065c                daisy::DaisyPatch::~DaisyPatch()
 .text._Z13audiocallbackPPfS0_j
                0x08000660        0x4 build/template.o
                0x08000660                audiocallback(float**, float**, unsigned int)
 .text.startup.main
                0x08000664       0x20 build/template.o
                0x08000664                main
 .text.startup._GLOBAL__sub_I_hardware
                0x08000684       0x18 build/template.o
 .text.Reset_Handler
                0x0800069c       0x50 build/startup_stm32h750xx.o
                0x0800069c                Reset_Handler
 .text.Default_Handler
                0x080006ec        0x2 build/startup_stm32h750xx.o
                0x080006ec                RTC_Alarm_IRQHandler
                0x080006ec                HASH_RNG_IRQHandler
                0x080006ec                EXTI2_IRQHandler
                0x080006ec                TIM8_CC_IRQHandler
                0x080006ec                HRTIM1_Master_IRQHandler
                0x080006ec                DebugMon_Handler
                0x080006ec                UART8_IRQHandler
                0x080006ec                SPI4_IRQHandler
                0x080006ec                TIM1_CC_IRQHandler
                0x080006ec                BDMA_Channel6_IRQHandler
                0x080006ec                DMA2_Stream5_IRQHandler
                0x080006ec                HRTIM1_FLT_IRQHandler
                0x080006ec                JPEG_IRQHandler
                0x080006ec                BDMA_Channel1_IRQHandler
                0x080006ec                HRTIM1_TIMD_IRQHandler
                0x080006ec                TAMP_STAMP_IRQHandler
                0x080006ec                PendSV_Handler
                0x080006ec                NMI_Handler
                0x080006ec                EXTI3_IRQHandler
                0x080006ec                LPTIM4_IRQHandler
                0x080006ec                TIM8_TRG_COM_TIM14_IRQHandler
                0x080006ec                LPTIM2_IRQHandler
                0x080006ec                DFSDM1_FLT1_IRQHandler
                0x080006ec                DMAMUX2_OVR_IRQHandler
                0x080006ec                TIM8_UP_TIM13_IRQHandler
                0x080006ec                I2C3_ER_IRQHandler
                0x080006ec                DFSDM1_FLT2_IRQHandler
                0x080006ec                MDMA_IRQHandler
                0x080006ec                LPTIM3_IRQHandler
                0x080006ec                HSEM1_IRQHandler
                0x080006ec                EXTI0_IRQHandler
                0x080006ec                I2C2_EV_IRQHandler
                0x080006ec                FPU_IRQHandler
                0x080006ec                OTG_HS_WKUP_IRQHandler
                0x080006ec                FDCAN1_IT1_IRQHandler
                0x080006ec                UsageFault_Handler
                0x080006ec                LTDC_ER_IRQHandler
                0x080006ec                DMA2_Stream2_IRQHandler
                0x080006ec                HRTIM1_TIME_IRQHandler
                0x080006ec                SPI1_IRQHandler
                0x080006ec                TIM6_DAC_IRQHandler
                0x080006ec                DCMI_IRQHandler
                0x080006ec                HRTIM1_TIMC_IRQHandler
                0x080006ec                DMA2_Stream3_IRQHandler
                0x080006ec                SAI2_IRQHandler
                0x080006ec                DFSDM1_FLT3_IRQHandler
                0x080006ec                USART6_IRQHandler
                0x080006ec                TIM17_IRQHandler
                0x080006ec                USART3_IRQHandler
                0x080006ec                BDMA_Channel7_IRQHandler
                0x080006ec                CRYP_IRQHandler
                0x080006ec                LPTIM5_IRQHandler
                0x080006ec                UART5_IRQHandler
                0x080006ec                ADC3_IRQHandler
                0x080006ec                DMA2_Stream0_IRQHandler
                0x080006ec                TIM4_IRQHandler
                0x080006ec                BDMA_Channel2_IRQHandler
                0x080006ec                I2C1_EV_IRQHandler
                0x080006ec                DMA1_Stream6_IRQHandler
                0x080006ec                DMAMUX1_OVR_IRQHandler
                0x080006ec                TIM16_IRQHandler
                0x080006ec                UART4_IRQHandler
                0x080006ec                BDMA_Channel5_IRQHandler
                0x080006ec                TIM3_IRQHandler
                0x080006ec                RCC_IRQHandler
                0x080006ec                TIM8_BRK_TIM12_IRQHandler
                0x080006ec                TIM1_TRG_COM_IRQHandler
                0x080006ec                Default_Handler
                0x080006ec                ECC_IRQHandler
                0x080006ec                CEC_IRQHandler
                0x080006ec                EXTI15_10_IRQHandler
                0x080006ec                BDMA_Channel0_IRQHandler
                0x080006ec                ADC_IRQHandler
                0x080006ec                DMA1_Stream7_IRQHandler
                0x080006ec                HRTIM1_TIMA_IRQHandler
                0x080006ec                SPI5_IRQHandler
                0x080006ec                TIM7_IRQHandler
                0x080006ec                SDMMC1_IRQHandler
                0x080006ec                TIM5_IRQHandler
                0x080006ec                DMA2_Stream7_IRQHandler
                0x080006ec                TIM15_IRQHandler
                0x080006ec                PVD_AVD_IRQHandler
                0x080006ec                I2C3_EV_IRQHandler
                0x080006ec                EXTI9_5_IRQHandler
                0x080006ec                RTC_WKUP_IRQHandler
                0x080006ec                LTDC_IRQHandler
                0x080006ec                SAI3_IRQHandler
                0x080006ec                ETH_WKUP_IRQHandler
                0x080006ec                SPDIF_RX_IRQHandler
                0x080006ec                SPI2_IRQHandler
                0x080006ec                OTG_HS_EP1_IN_IRQHandler
                0x080006ec                MemManage_Handler
                0x080006ec                SVC_Handler
                0x080006ec                CRS_IRQHandler
                0x080006ec                EXTI4_IRQHandler
                0x080006ec                HRTIM1_TIMB_IRQHandler
                0x080006ec                FDCAN2_IT1_IRQHandler
                0x080006ec                ETH_IRQHandler
                0x080006ec                TIM1_UP_IRQHandler
                0x080006ec                BDMA_Channel4_IRQHandler
                0x080006ec                OTG_HS_EP1_OUT_IRQHandler
                0x080006ec                WWDG_IRQHandler
                0x080006ec                SPI6_IRQHandler
                0x080006ec                MDIOS_IRQHandler
                0x080006ec                I2C4_EV_IRQHandler
                0x080006ec                FDCAN2_IT0_IRQHandler
                0x080006ec                LPUART1_IRQHandler
                0x080006ec                FDCAN1_IT0_IRQHandler
                0x080006ec                TIM2_IRQHandler
                0x080006ec                OTG_FS_WKUP_IRQHandler
                0x080006ec                OTG_HS_IRQHandler
                0x080006ec                DMA2D_IRQHandler
                0x080006ec                TIM1_BRK_IRQHandler
                0x080006ec                EXTI1_IRQHandler
                0x080006ec                SDMMC2_IRQHandler
                0x080006ec                OTG_FS_EP1_OUT_IRQHandler
                0x080006ec                BDMA_Channel3_IRQHandler
                0x080006ec                UART7_IRQHandler
                0x080006ec                MDIOS_WKUP_IRQHandler
                0x080006ec                USART2_IRQHandler
                0x080006ec                DFSDM1_FLT0_IRQHandler
                0x080006ec                SAI4_IRQHandler
                0x080006ec                I2C2_ER_IRQHandler
                0x080006ec                DMA2_Stream1_IRQHandler
                0x080006ec                FLASH_IRQHandler
                0x080006ec                DMA2_Stream4_IRQHandler
                0x080006ec                BusFault_Handler
                0x080006ec                OTG_FS_IRQHandler
                0x080006ec                SPI3_IRQHandler
                0x080006ec                WAKEUP_PIN_IRQHandler
                0x080006ec                OTG_FS_EP1_IN_IRQHandler
                0x080006ec                I2C1_ER_IRQHandler
                0x080006ec                FMC_IRQHandler
                0x080006ec                FDCAN_CAL_IRQHandler
                0x080006ec                SWPMI1_IRQHandler
                0x080006ec                COMP1_IRQHandler
                0x080006ec                LPTIM1_IRQHandler
                0x080006ec                I2C4_ER_IRQHandler
                0x080006ec                DMA2_Stream6_IRQHandler
                0x080006ec                SAI1_IRQHandler
 *fill*         0x080006ee        0x2 
 .text._ZN5daisy10DaisyPatch4InitEv
                0x080006f0      0x1fc ../libdaisy/build\libdaisy.a(daisy_patch.o)
                0x080006f0                daisy::DaisyPatch::Init()
 .text._ZN5daisy10DaisyPatch10StartAudioEPFvPPfS2_jE
                0x080008ec       0x18 ../libdaisy/build\libdaisy.a(daisy_patch.o)
                0x080008ec                daisy::DaisyPatch::StartAudio(void (*)(float**, float**, unsigned int))
 .text._ZN5daisy10DaisyPatch8StartAdcEv
                0x08000904        0x4 ../libdaisy/build\libdaisy.a(daisy_patch.o)
                0x08000904                daisy::DaisyPatch::StartAdc()
 .text.dsy_adc_init
                0x08000908      0x20c ../libdaisy/build\libdaisy.a(per_adc.o)
                0x08000908                dsy_adc_init
 .text.dsy_adc_start
                0x08000b14       0x2c ../libdaisy/build\libdaisy.a(per_adc.o)
                0x08000b14                dsy_adc_start
 .text.dsy_adc_get_rawptr
                0x08000b40       0x14 ../libdaisy/build\libdaisy.a(per_adc.o)
                0x08000b40                dsy_adc_get_rawptr
 .text.HAL_ADC_MspInit
                0x08000b54      0x17c ../libdaisy/build\libdaisy.a(per_adc.o)
                0x08000b54                HAL_ADC_MspInit
 .text.DMA1_Stream2_IRQHandler
                0x08000cd0        0xc ../libdaisy/build\libdaisy.a(per_adc.o)
                0x08000cd0                DMA1_Stream2_IRQHandler
 .text.HAL_ADC_ConvCpltCallback
                0x08000cdc       0xf4 ../libdaisy/build\libdaisy.a(per_adc.o)
                0x08000cdc                HAL_ADC_ConvCpltCallback
 .text.combined_callback
                0x08000dd0      0x394 ../libdaisy/build\libdaisy.a(hid_audio.o)
 .text.dsy_audio_passthru
                0x08001164        0xc ../libdaisy/build\libdaisy.a(hid_audio.o)
                0x08001164                dsy_audio_passthru
 .text.internal_callback
                0x08001170      0x198 ../libdaisy/build\libdaisy.a(hid_audio.o)
 .text.DMA1_Stream0_IRQHandler
                0x08001308        0xc ../libdaisy/build\libdaisy.a(hid_audio.o)
                0x08001308                DMA1_Stream0_IRQHandler
 .text.DMA1_Stream1_IRQHandler
                0x08001314        0xc ../libdaisy/build\libdaisy.a(hid_audio.o)
                0x08001314                DMA1_Stream1_IRQHandler
 .text.DMA1_Stream3_IRQHandler
                0x08001320        0xc ../libdaisy/build\libdaisy.a(hid_audio.o)
                0x08001320                DMA1_Stream3_IRQHandler
 .text.DMA1_Stream4_IRQHandler
                0x0800132c        0xc ../libdaisy/build\libdaisy.a(hid_audio.o)
                0x0800132c                DMA1_Stream4_IRQHandler
 .text.dsy_audio_init
                0x08001338      0x264 ../libdaisy/build\libdaisy.a(hid_audio.o)
                0x08001338                dsy_audio_init
 .text.dsy_audio_set_mc_callback
                0x0800159c       0x14 ../libdaisy/build\libdaisy.a(hid_audio.o)
                0x0800159c                dsy_audio_set_mc_callback
 .text.dsy_audio_set_blocksize
                0x080015b0       0x2c ../libdaisy/build\libdaisy.a(hid_audio.o)
                0x080015b0                dsy_audio_set_blocksize
 .text.dsy_audio_start
                0x080015dc       0xac ../libdaisy/build\libdaisy.a(hid_audio.o)
                0x080015dc                dsy_audio_start
 .text.HAL_SAI_RxHalfCpltCallback
                0x08001688       0x2c ../libdaisy/build\libdaisy.a(hid_audio.o)
                0x08001688                HAL_SAI_RxHalfCpltCallback
 .text.HAL_SAI_RxCpltCallback
                0x080016b4       0x3c ../libdaisy/build\libdaisy.a(hid_audio.o)
                0x080016b4                HAL_SAI_RxCpltCallback
 .text.SystemClock_Config
                0x080016f0      0x174 ../libdaisy/build\libdaisy.a(sys_system.o)
 .text.SysTick_Handler
                0x08001864       0x10 ../libdaisy/build\libdaisy.a(sys_system.o)
                0x08001864                SysTick_Handler
 .text.HardFault_Handler
                0x08001874        0x4 ../libdaisy/build\libdaisy.a(sys_system.o)
                0x08001874                HardFault_Handler
 .text.dsy_system_init
                0x08001878       0xdc ../libdaisy/build\libdaisy.a(sys_system.o)
                0x08001878                dsy_system_init
 .text.dsy_system_getnow
                0x08001954        0x4 ../libdaisy/build\libdaisy.a(sys_system.o)
                0x08001954                dsy_system_getnow
 .text.dsy_system_delay
                0x08001958        0x4 ../libdaisy/build\libdaisy.a(sys_system.o)
                0x08001958                dsy_system_delay
 .text.dsy_i2c_init
                0x0800195c       0xd0 ../libdaisy/build\libdaisy.a(per_i2c.o)
                0x0800195c                dsy_i2c_init
 .text.HAL_I2C_MspInit
                0x08001a2c      0x2a8 ../libdaisy/build\libdaisy.a(per_i2c.o)
                0x08001a2c                HAL_I2C_MspInit
 .text.dsy_sai2_init
                0x08001cd4       0x84 ../libdaisy/build\libdaisy.a(per_sai.o)
 .text.dsy_sai_blocks_init.constprop.0
                0x08001d58       0xa8 ../libdaisy/build\libdaisy.a(per_sai.o)
 .text.dsy_sai_init_from_handle
                0x08001e00       0x88 ../libdaisy/build\libdaisy.a(per_sai.o)
                0x08001e00                dsy_sai_init_from_handle
 .text.HAL_SAI_MspInit
                0x08001e88      0x44c ../libdaisy/build\libdaisy.a(per_sai.o)
                0x08001e88                HAL_SAI_MspInit
 .text.dsy_gpio_init
                0x080022d4       0x50 ../libdaisy/build\libdaisy.a(per_gpio.o)
                0x080022d4                dsy_gpio_init
 .text.dsy_gpio_write
                0x08002324       0x24 ../libdaisy/build\libdaisy.a(per_gpio.o)
                0x08002324                dsy_gpio_write
 .text.dsy_dac_init
                0x08002348       0x6c ../libdaisy/build\libdaisy.a(per_dac.o)
                0x08002348                dsy_dac_init
 .text.dsy_dac_write
                0x080023b4       0x88 ../libdaisy/build\libdaisy.a(per_dac.o)
                0x080023b4                dsy_dac_write
 .text.HAL_DAC_MspInit
                0x0800243c       0xa8 ../libdaisy/build\libdaisy.a(per_dac.o)
                0x0800243c                HAL_DAC_MspInit
 .text._ZN5daisy13AnalogControl4InitEPtfbbf
                0x080024e4       0x34 ../libdaisy/build\libdaisy.a(hid_ctrl.o)
                0x080024e4                daisy::AnalogControl::Init(unsigned short*, float, bool, bool, float)
 .text._ZN5daisy7Encoder4InitE12dsy_gpio_pinS1_S1_f
                0x08002518       0x54 ../libdaisy/build\libdaisy.a(hid_encoder.o)
                0x08002518                daisy::Encoder::Init(dsy_gpio_pin, dsy_gpio_pin, dsy_gpio_pin, float)
 .text._ZN5daisy6GateIn4InitEP12dsy_gpio_pin
                0x0800256c       0x14 ../libdaisy/build\libdaisy.a(hid_gatein.o)
                0x0800256c                daisy::GateIn::Init(dsy_gpio_pin*)
 .text._ZN5daisy11MidiHandler4InitENS0_13MidiInputModeENS0_14MidiOutputModeE
                0x08002580       0x1c ../libdaisy/build\libdaisy.a(hid_midi.o)
                0x08002580                daisy::MidiHandler::Init(daisy::MidiHandler::MidiInputMode, daisy::MidiHandler::MidiOutputMode)
 .text._ZN5daisy9SpiHandleD2Ev
                0x0800259c        0x4 ../libdaisy/build\libdaisy.a(hid_oled_display.o)
                0x0800259c                daisy::SpiHandle::~SpiHandle()
                0x0800259c                daisy::SpiHandle::~SpiHandle()
 .text._ZN5daisy11OledDisplay4InitEP12dsy_gpio_pin
                0x080025a0      0x390 ../libdaisy/build\libdaisy.a(hid_oled_display.o)
                0x080025a0                daisy::OledDisplay::Init(dsy_gpio_pin*)
 .text.startup._GLOBAL__sub_I__ZN5daisy11OledDisplay4InitEP12dsy_gpio_pin
                0x08002930       0x18 ../libdaisy/build\libdaisy.a(hid_oled_display.o)
 .text._ZN5daisy6Switch4InitE12dsy_gpio_pinf
                0x08002948       0x38 ../libdaisy/build\libdaisy.a(hid_switch.o)
                0x08002948                daisy::Switch::Init(dsy_gpio_pin, float)
 .text.dsy_hal_map_get_port
                0x08002980       0x10 ../libdaisy/build\libdaisy.a(util_hal_map.o)
                0x08002980                dsy_hal_map_get_port
 .text.dsy_hal_map_get_pin
                0x08002990       0x10 ../libdaisy/build\libdaisy.a(util_hal_map.o)
                0x08002990                dsy_hal_map_get_pin
 .text.dsy_hal_map_get_i2c
                0x080029a0       0x28 ../libdaisy/build\libdaisy.a(util_hal_map.o)
                0x080029a0                dsy_hal_map_get_i2c
 .text.HAL_ADC_ConvHalfCpltCallback
                0x080029c8        0x4 ../libdaisy/build\libdaisy.a(stm32h7xx_hal_adc.o)
                0x080029c8                HAL_ADC_ConvHalfCpltCallback
 .text.ADC_DMAHalfConvCplt
                0x080029cc        0xc ../libdaisy/build\libdaisy.a(stm32h7xx_hal_adc.o)
                0x080029cc                ADC_DMAHalfConvCplt
 .text.HAL_ADC_ErrorCallback
                0x080029d8        0x4 ../libdaisy/build\libdaisy.a(stm32h7xx_hal_adc.o)
                0x080029d8                HAL_ADC_ErrorCallback
 .text.ADC_DMAConvCplt
                0x080029dc       0x6c ../libdaisy/build\libdaisy.a(stm32h7xx_hal_adc.o)
                0x080029dc                ADC_DMAConvCplt
 .text.ADC_DMAError
                0x08002a48       0x1c ../libdaisy/build\libdaisy.a(stm32h7xx_hal_adc.o)
                0x08002a48                ADC_DMAError
 .text.HAL_ADC_ConfigChannel
                0x08002a64      0x3cc ../libdaisy/build\libdaisy.a(stm32h7xx_hal_adc.o)
                0x08002a64                HAL_ADC_ConfigChannel
 .text.ADC_Enable
                0x08002e30       0xb8 ../libdaisy/build\libdaisy.a(stm32h7xx_hal_adc.o)
                0x08002e30                ADC_Enable
 .text.HAL_ADC_Start_DMA
                0x08002ee8      0x114 ../libdaisy/build\libdaisy.a(stm32h7xx_hal_adc.o)
                0x08002ee8                HAL_ADC_Start_DMA
 .text.ADC_Disable
                0x08002ffc       0x68 ../libdaisy/build\libdaisy.a(stm32h7xx_hal_adc.o)
                0x08002ffc                ADC_Disable
 .text.ADC_ConfigureBoostMode
                0x08003064      0x17c ../libdaisy/build\libdaisy.a(stm32h7xx_hal_adc.o)
                0x08003064                ADC_ConfigureBoostMode
 .text.HAL_ADC_Init
                0x080031e0      0x218 ../libdaisy/build\libdaisy.a(stm32h7xx_hal_adc.o)
                0x080031e0                HAL_ADC_Init
 .text.HAL_ADCEx_Calibration_Start
                0x080033f8       0xa4 ../libdaisy/build\libdaisy.a(stm32h7xx_hal_adc_ex.o)
                0x080033f8                HAL_ADCEx_Calibration_Start
 .text.HAL_ADCEx_MultiModeConfigChannel
                0x0800349c       0xc4 ../libdaisy/build\libdaisy.a(stm32h7xx_hal_adc_ex.o)
                0x0800349c                HAL_ADCEx_MultiModeConfigChannel
 .text.HAL_NVIC_SetPriorityGrouping
                0x08003560       0x28 ../libdaisy/build\libdaisy.a(stm32h7xx_hal_cortex.o)
                0x08003560                HAL_NVIC_SetPriorityGrouping
 .text.HAL_NVIC_SetPriority
                0x08003588       0x6c ../libdaisy/build\libdaisy.a(stm32h7xx_hal_cortex.o)
                0x08003588                HAL_NVIC_SetPriority
 .text.HAL_NVIC_EnableIRQ
                0x080035f4       0x1c ../libdaisy/build\libdaisy.a(stm32h7xx_hal_cortex.o)
                0x080035f4                HAL_NVIC_EnableIRQ
 .text.HAL_NVIC_DisableIRQ
                0x08003610       0x28 ../libdaisy/build\libdaisy.a(stm32h7xx_hal_cortex.o)
                0x08003610                HAL_NVIC_DisableIRQ
 .text.HAL_SYSTICK_Config
                0x08003638       0x30 ../libdaisy/build\libdaisy.a(stm32h7xx_hal_cortex.o)
                0x08003638                HAL_SYSTICK_Config
 .text.HAL_MPU_Disable
                0x08003668       0x20 ../libdaisy/build\libdaisy.a(stm32h7xx_hal_cortex.o)
                0x08003668                HAL_MPU_Disable
 .text.HAL_MPU_Enable
                0x08003688       0x24 ../libdaisy/build\libdaisy.a(stm32h7xx_hal_cortex.o)
                0x08003688                HAL_MPU_Enable
 .text.HAL_MPU_ConfigRegion
                0x080036ac       0x50 ../libdaisy/build\libdaisy.a(stm32h7xx_hal_cortex.o)
                0x080036ac                HAL_MPU_ConfigRegion
 .text.HAL_SYSTICK_Callback
                0x080036fc        0x4 ../libdaisy/build\libdaisy.a(stm32h7xx_hal_cortex.o)
                0x080036fc                HAL_SYSTICK_Callback
 .text.HAL_SYSTICK_IRQHandler
                0x08003700        0x8 ../libdaisy/build\libdaisy.a(stm32h7xx_hal_cortex.o)
                0x08003700                HAL_SYSTICK_IRQHandler
 .text.HAL_DAC_Init
                0x08003708       0x2c ../libdaisy/build\libdaisy.a(stm32h7xx_hal_dac.o)
                0x08003708                HAL_DAC_Init
 .text.HAL_DAC_Start
                0x08003734       0x5c ../libdaisy/build\libdaisy.a(stm32h7xx_hal_dac.o)
                0x08003734                HAL_DAC_Start
 .text.HAL_DAC_SetValue
                0x08003790       0x30 ../libdaisy/build\libdaisy.a(stm32h7xx_hal_dac.o)
                0x08003790                HAL_DAC_SetValue
 .text.HAL_DAC_ConfigChannel
                0x080037c0      0x140 ../libdaisy/build\libdaisy.a(stm32h7xx_hal_dac.o)
                0x080037c0                HAL_DAC_ConfigChannel
 .text.I2C_WaitOnTXISFlagUntilTimeout
                0x08003900       0xc8 ../libdaisy/build\libdaisy.a(stm32h7xx_hal_i2c.o)
 .text.I2C_WaitOnSTOPFlagUntilTimeout
                0x080039c8       0xb4 ../libdaisy/build\libdaisy.a(stm32h7xx_hal_i2c.o)
 .text.HAL_I2C_Init
                0x08003a7c       0xa8 ../libdaisy/build\libdaisy.a(stm32h7xx_hal_i2c.o)
                0x08003a7c                HAL_I2C_Init
 .text.HAL_I2C_Master_Transmit
                0x08003b24      0x1b4 ../libdaisy/build\libdaisy.a(stm32h7xx_hal_i2c.o)
                0x08003b24                HAL_I2C_Master_Transmit
 .text.HAL_I2CEx_ConfigAnalogFilter
                0x08003cd8       0x54 ../libdaisy/build\libdaisy.a(stm32h7xx_hal_i2c_ex.o)
                0x08003cd8                HAL_I2CEx_ConfigAnalogFilter
 .text.HAL_I2CEx_ConfigDigitalFilter
                0x08003d2c       0x50 ../libdaisy/build\libdaisy.a(stm32h7xx_hal_i2c_ex.o)
                0x08003d2c                HAL_I2CEx_ConfigDigitalFilter
 .text.HAL_SAI_Init
                0x08003d7c      0x39c ../libdaisy/build\libdaisy.a(stm32h7xx_hal_sai.o)
                0x08003d7c                HAL_SAI_Init
 .text.HAL_SAI_InitProtocol
                0x08004118      0x154 ../libdaisy/build\libdaisy.a(stm32h7xx_hal_sai.o)
                0x08004118                HAL_SAI_InitProtocol
 .text.HAL_SAI_Transmit_DMA
                0x0800426c      0x134 ../libdaisy/build\libdaisy.a(stm32h7xx_hal_sai.o)
                0x0800426c                HAL_SAI_Transmit_DMA
 .text.HAL_SAI_Receive_DMA
                0x080043a0       0xdc ../libdaisy/build\libdaisy.a(stm32h7xx_hal_sai.o)
                0x080043a0                HAL_SAI_Receive_DMA
 .text.HAL_SAI_TxCpltCallback
                0x0800447c        0x4 ../libdaisy/build\libdaisy.a(stm32h7xx_hal_sai.o)
                0x0800447c                HAL_SAI_TxCpltCallback
 .text.SAI_DMATxCplt
                0x08004480       0x60 ../libdaisy/build\libdaisy.a(stm32h7xx_hal_sai.o)
 .text.HAL_SAI_TxHalfCpltCallback
                0x080044e0        0x4 ../libdaisy/build\libdaisy.a(stm32h7xx_hal_sai.o)
                0x080044e0                HAL_SAI_TxHalfCpltCallback
 .text.SAI_DMATxHalfCplt
                0x080044e4        0xc ../libdaisy/build\libdaisy.a(stm32h7xx_hal_sai.o)
 .text.SAI_DMARxCplt
                0x080044f0       0x60 ../libdaisy/build\libdaisy.a(stm32h7xx_hal_sai.o)
 .text.SAI_DMARxHalfCplt
                0x08004550        0xc ../libdaisy/build\libdaisy.a(stm32h7xx_hal_sai.o)
 .text.HAL_SAI_ErrorCallback
                0x0800455c        0x4 ../libdaisy/build\libdaisy.a(stm32h7xx_hal_sai.o)
                0x0800455c                HAL_SAI_ErrorCallback
 .text.SAI_DMAError
                0x08004560       0x7c ../libdaisy/build\libdaisy.a(stm32h7xx_hal_sai.o)
 .text.HAL_RCC_OscConfig
                0x080045dc      0x540 ../libdaisy/build\libdaisy.a(stm32h7xx_hal_rcc.o)
                0x080045dc                HAL_RCC_OscConfig
 .text.HAL_RCC_GetSysClockFreq
                0x08004b1c      0x118 ../libdaisy/build\libdaisy.a(stm32h7xx_hal_rcc.o)
                0x08004b1c                HAL_RCC_GetSysClockFreq
 .text.HAL_RCC_ClockConfig
                0x08004c34      0x22c ../libdaisy/build\libdaisy.a(stm32h7xx_hal_rcc.o)
                0x08004c34                HAL_RCC_ClockConfig
 .text.HAL_RCC_GetHCLKFreq
                0x08004e60       0x2c ../libdaisy/build\libdaisy.a(stm32h7xx_hal_rcc.o)
                0x08004e60                HAL_RCC_GetHCLKFreq
 .text.HAL_RCC_GetPCLK1Freq
                0x08004e8c       0x38 ../libdaisy/build\libdaisy.a(stm32h7xx_hal_rcc.o)
                0x08004e8c                HAL_RCC_GetPCLK1Freq
 .text.HAL_RCC_GetPCLK2Freq
                0x08004ec4       0x38 ../libdaisy/build\libdaisy.a(stm32h7xx_hal_rcc.o)
                0x08004ec4                HAL_RCC_GetPCLK2Freq
 .text.RCCEx_PLL2_Config
                0x08004efc       0xf8 ../libdaisy/build\libdaisy.a(stm32h7xx_hal_rcc_ex.o)
 .text.RCCEx_PLL3_Config
                0x08004ff4       0xf8 ../libdaisy/build\libdaisy.a(stm32h7xx_hal_rcc_ex.o)
 .text.HAL_RCCEx_PeriphCLKConfig
                0x080050ec      0xa88 ../libdaisy/build\libdaisy.a(stm32h7xx_hal_rcc_ex.o)
                0x080050ec                HAL_RCCEx_PeriphCLKConfig
 .text.HAL_RCCEx_GetD3PCLK1Freq
                0x08005b74       0x24 ../libdaisy/build\libdaisy.a(stm32h7xx_hal_rcc_ex.o)
                0x08005b74                HAL_RCCEx_GetD3PCLK1Freq
 .text.HAL_RCCEx_GetPLL2ClockFreq
                0x08005b98      0x130 ../libdaisy/build\libdaisy.a(stm32h7xx_hal_rcc_ex.o)
                0x08005b98                HAL_RCCEx_GetPLL2ClockFreq
 .text.HAL_RCCEx_GetPLL3ClockFreq
                0x08005cc8      0x130 ../libdaisy/build\libdaisy.a(stm32h7xx_hal_rcc_ex.o)
                0x08005cc8                HAL_RCCEx_GetPLL3ClockFreq
 .text.HAL_RCCEx_GetPLL1ClockFreq
                0x08005df8      0x130 ../libdaisy/build\libdaisy.a(stm32h7xx_hal_rcc_ex.o)
                0x08005df8                HAL_RCCEx_GetPLL1ClockFreq
 .text.HAL_RCCEx_GetPeriphCLKFreq
                0x08005f28      0x198 ../libdaisy/build\libdaisy.a(stm32h7xx_hal_rcc_ex.o)
                0x08005f28                HAL_RCCEx_GetPeriphCLKFreq
 .text.HAL_RCCEx_GetD1SysClockFreq
                0x080060c0       0x2c ../libdaisy/build\libdaisy.a(stm32h7xx_hal_rcc_ex.o)
                0x080060c0                HAL_RCCEx_GetD1SysClockFreq
 .text.HAL_GPIO_Init
                0x080060ec      0x250 ../libdaisy/build\libdaisy.a(stm32h7xx_hal_gpio.o)
                0x080060ec                HAL_GPIO_Init
 .text.HAL_GPIO_DeInit
                0x0800633c      0x198 ../libdaisy/build\libdaisy.a(stm32h7xx_hal_gpio.o)
                0x0800633c                HAL_GPIO_DeInit
 .text.HAL_GPIO_WritePin
                0x080064d4        0x8 ../libdaisy/build\libdaisy.a(stm32h7xx_hal_gpio.o)
                0x080064d4                HAL_GPIO_WritePin
 .text.DMA_SetConfig
                0x080064dc      0x178 ../libdaisy/build\libdaisy.a(stm32h7xx_hal_dma.o)
 .text.DMA_CalcBaseAndBitshift
                0x08006654       0xf4 ../libdaisy/build\libdaisy.a(stm32h7xx_hal_dma.o)
 .text.DMA_CalcDMAMUXChannelBaseAndMask
                0x08006748       0xdc ../libdaisy/build\libdaisy.a(stm32h7xx_hal_dma.o)
 .text.HAL_DMA_Init
                0x08006824      0x394 ../libdaisy/build\libdaisy.a(stm32h7xx_hal_dma.o)
                0x08006824                HAL_DMA_Init
 .text.HAL_DMA_Start_IT
                0x08006bb8      0x170 ../libdaisy/build\libdaisy.a(stm32h7xx_hal_dma.o)
                0x08006bb8                HAL_DMA_Start_IT
 .text.HAL_DMA_Abort_IT
                0x08006d28      0x13c ../libdaisy/build\libdaisy.a(stm32h7xx_hal_dma.o)
                0x08006d28                HAL_DMA_Abort_IT
 .text.HAL_DMA_IRQHandler
                0x08006e64      0x6b0 ../libdaisy/build\libdaisy.a(stm32h7xx_hal_dma.o)
                0x08006e64                HAL_DMA_IRQHandler
 .text.HAL_DMA_GetError
                0x08007514        0x4 ../libdaisy/build\libdaisy.a(stm32h7xx_hal_dma.o)
                0x08007514                HAL_DMA_GetError
 .text.HAL_PWREx_ConfigSupply
                0x08007518       0x4c ../libdaisy/build\libdaisy.a(stm32h7xx_hal_pwr_ex.o)
                0x08007518                HAL_PWREx_ConfigSupply
 .text.HAL_PWREx_EnableUSBVoltageDetector
                0x08007564       0x10 ../libdaisy/build\libdaisy.a(stm32h7xx_hal_pwr_ex.o)
                0x08007564                HAL_PWREx_EnableUSBVoltageDetector
 .text.HAL_MspInit
                0x08007574        0x4 ../libdaisy/build\libdaisy.a(stm32h7xx_hal.o)
                0x08007574                HAL_MspInit
 .text.HAL_InitTick
                0x08007578       0x4c ../libdaisy/build\libdaisy.a(stm32h7xx_hal.o)
                0x08007578                HAL_InitTick
 .text.HAL_Init
                0x080075c4       0x5c ../libdaisy/build\libdaisy.a(stm32h7xx_hal.o)
                0x080075c4                HAL_Init
 .text.HAL_IncTick
                0x08007620       0x18 ../libdaisy/build\libdaisy.a(stm32h7xx_hal.o)
                0x08007620                HAL_IncTick
 .text.HAL_GetTick
                0x08007638        0xc ../libdaisy/build\libdaisy.a(stm32h7xx_hal.o)
                0x08007638                HAL_GetTick
 .text.HAL_Delay
                0x08007644       0x24 ../libdaisy/build\libdaisy.a(stm32h7xx_hal.o)
                0x08007644                HAL_Delay
 .text.HAL_GetREVID
                0x08007668        0xc ../libdaisy/build\libdaisy.a(stm32h7xx_hal.o)
                0x08007668                HAL_GetREVID
 .text._ZN5daisy9DaisySeed9ConfigureEv
                0x08007674      0x11c ../libdaisy/build\libdaisy.a(daisy_seed.o)
                0x08007674                daisy::DaisySeed::Configure()
 .text._ZN5daisy9DaisySeed4InitEv
                0x08007790       0x34 ../libdaisy/build\libdaisy.a(daisy_seed.o)
                0x08007790                daisy::DaisySeed::Init()
 .text._ZN5daisy9DaisySeed6GetPinEh
                0x080077c4       0x2c ../libdaisy/build\libdaisy.a(daisy_seed.o)
                0x080077c4                daisy::DaisySeed::GetPin(unsigned char)
 .text.codec_pcm3060_init
                0x080077f0       0x80 ../libdaisy/build\libdaisy.a(dev_codec_pcm3060.o)
                0x080077f0                codec_pcm3060_init
 .text.codec_wm8731_init
                0x08007870      0x20c ../libdaisy/build\libdaisy.a(dev_codec_wm8731.o)
                0x08007870                codec_wm8731_init
 .text.codec_ak4556_init
                0x08007a7c       0x34 ../libdaisy/build\libdaisy.a(dev_codec_ak4556.o)
                0x08007a7c                codec_ak4556_init
 .text.dsy_dma_init
                0x08007ab0       0x88 ../libdaisy/build\libdaisy.a(sys_dma.o)
                0x08007ab0                dsy_dma_init
 .text.dsy_qspi_init
                0x08007b38      0x390 ../libdaisy/build\libdaisy.a(per_qspi.o)
                0x08007b38                dsy_qspi_init
 .text.HAL_QSPI_MspInit
                0x08007ec8      0x108 ../libdaisy/build\libdaisy.a(per_qspi.o)
                0x08007ec8                HAL_QSPI_MspInit
 .text.HAL_QSPI_MspDeInit
                0x08007fd0       0x54 ../libdaisy/build\libdaisy.a(per_qspi.o)
                0x08007fd0                HAL_QSPI_MspDeInit
 .text.QUADSPI_IRQHandler
                0x08008024        0xc ../libdaisy/build\libdaisy.a(per_qspi.o)
                0x08008024                QUADSPI_IRQHandler
 .text.dsy_sdram_init
                0x08008030      0x118 ../libdaisy/build\libdaisy.a(dev_sdram.o)
                0x08008030                dsy_sdram_init
 .text.HAL_SDRAM_MspInit
                0x08008148      0x1dc ../libdaisy/build\libdaisy.a(dev_sdram.o)
                0x08008148                HAL_SDRAM_MspInit
 .text._ZN5daisy9SpiHandle4InitEv
                0x08008324       0x5c ../libdaisy/build\libdaisy.a(per_spi.o)
                0x08008324                daisy::SpiHandle::Init()
 .text._ZN5daisy9SpiHandle16BlockingTransmitEPhj
                0x08008380       0x10 ../libdaisy/build\libdaisy.a(per_spi.o)
                0x08008380                daisy::SpiHandle::BlockingTransmit(unsigned char*, unsigned int)
 .text.HAL_SPI_MspInit
                0x08008390       0xd4 ../libdaisy/build\libdaisy.a(per_spi.o)
                0x08008390                HAL_SPI_MspInit
 .text.dsy_tim_init
                0x08008464       0x70 ../libdaisy/build\libdaisy.a(per_tim.o)
                0x08008464                dsy_tim_init
 .text.HAL_TIM_Base_MspInit
                0x080084d4       0x30 ../libdaisy/build\libdaisy.a(per_tim.o)
                0x080084d4                HAL_TIM_Base_MspInit
 .text._ZN5daisy11UartHandler4InitEv
                0x08008504       0x74 ../libdaisy/build\libdaisy.a(per_uart.o)
                0x08008504                daisy::UartHandler::Init()
 .text.HAL_UART_ErrorCallback
                0x08008578       0x14 ../libdaisy/build\libdaisy.a(per_uart.o)
                0x08008578                HAL_UART_ErrorCallback
 .text.HAL_UART_MspInit
                0x0800858c       0xd0 ../libdaisy/build\libdaisy.a(per_uart.o)
                0x0800858c                HAL_UART_MspInit
 .text.USART1_IRQHandler
                0x0800865c        0xc ../libdaisy/build\libdaisy.a(per_uart.o)
                0x0800865c                USART1_IRQHandler
 .text.DMA1_Stream5_IRQHandler
                0x08008668        0xc ../libdaisy/build\libdaisy.a(per_uart.o)
                0x08008668                DMA1_Stream5_IRQHandler
 .text.HAL_SDRAM_Init
                0x08008674       0x54 ../libdaisy/build\libdaisy.a(stm32h7xx_hal_sdram.o)
                0x08008674                HAL_SDRAM_Init
 .text.HAL_SDRAM_SendCommand
                0x080086c8       0x4c ../libdaisy/build\libdaisy.a(stm32h7xx_hal_sdram.o)
                0x080086c8                HAL_SDRAM_SendCommand
 .text.HAL_SDRAM_ProgramRefreshRate
                0x08008714       0x34 ../libdaisy/build\libdaisy.a(stm32h7xx_hal_sdram.o)
                0x08008714                HAL_SDRAM_ProgramRefreshRate
 .text.QSPI_Config
                0x08008748      0x1a0 ../libdaisy/build\libdaisy.a(stm32h7xx_hal_qspi.o)
 .text.HAL_QSPI_Init
                0x080088e8       0xd8 ../libdaisy/build\libdaisy.a(stm32h7xx_hal_qspi.o)
                0x080088e8                HAL_QSPI_Init
 .text.HAL_QSPI_DeInit
                0x080089c0       0x3c ../libdaisy/build\libdaisy.a(stm32h7xx_hal_qspi.o)
                0x080089c0                HAL_QSPI_DeInit
 .text.HAL_QSPI_Command
                0x080089fc       0xd4 ../libdaisy/build\libdaisy.a(stm32h7xx_hal_qspi.o)
                0x080089fc                HAL_QSPI_Command
 .text.HAL_QSPI_Transmit
                0x08008ad0      0x11c ../libdaisy/build\libdaisy.a(stm32h7xx_hal_qspi.o)
                0x08008ad0                HAL_QSPI_Transmit
 .text.HAL_QSPI_Receive
                0x08008bec      0x11c ../libdaisy/build\libdaisy.a(stm32h7xx_hal_qspi.o)
                0x08008bec                HAL_QSPI_Receive
 .text.HAL_QSPI_AutoPolling
                0x08008d08       0xe0 ../libdaisy/build\libdaisy.a(stm32h7xx_hal_qspi.o)
                0x08008d08                HAL_QSPI_AutoPolling
 .text.HAL_QSPI_MemoryMapped
                0x08008de8       0xb8 ../libdaisy/build\libdaisy.a(stm32h7xx_hal_qspi.o)
                0x08008de8                HAL_QSPI_MemoryMapped
 .text.HAL_QSPI_ErrorCallback
                0x08008ea0        0x4 ../libdaisy/build\libdaisy.a(stm32h7xx_hal_qspi.o)
                0x08008ea0                HAL_QSPI_ErrorCallback
 .text.QSPI_DMAAbortCplt
                0x08008ea4       0x38 ../libdaisy/build\libdaisy.a(stm32h7xx_hal_qspi.o)
 .text.HAL_QSPI_AbortCpltCallback
                0x08008edc        0x4 ../libdaisy/build\libdaisy.a(stm32h7xx_hal_qspi.o)
                0x08008edc                HAL_QSPI_AbortCpltCallback
 .text.HAL_QSPI_CmdCpltCallback
                0x08008ee0        0x4 ../libdaisy/build\libdaisy.a(stm32h7xx_hal_qspi.o)
                0x08008ee0                HAL_QSPI_CmdCpltCallback
 .text.HAL_QSPI_RxCpltCallback
                0x08008ee4        0x4 ../libdaisy/build\libdaisy.a(stm32h7xx_hal_qspi.o)
                0x08008ee4                HAL_QSPI_RxCpltCallback
 .text.HAL_QSPI_TxCpltCallback
                0x08008ee8        0x4 ../libdaisy/build\libdaisy.a(stm32h7xx_hal_qspi.o)
                0x08008ee8                HAL_QSPI_TxCpltCallback
 .text.HAL_QSPI_FifoThresholdCallback
                0x08008eec        0x4 ../libdaisy/build\libdaisy.a(stm32h7xx_hal_qspi.o)
                0x08008eec                HAL_QSPI_FifoThresholdCallback
 .text.HAL_QSPI_StatusMatchCallback
                0x08008ef0        0x4 ../libdaisy/build\libdaisy.a(stm32h7xx_hal_qspi.o)
                0x08008ef0                HAL_QSPI_StatusMatchCallback
 .text.HAL_QSPI_TimeOutCallback
                0x08008ef4        0x4 ../libdaisy/build\libdaisy.a(stm32h7xx_hal_qspi.o)
                0x08008ef4                HAL_QSPI_TimeOutCallback
 .text.HAL_QSPI_IRQHandler
                0x08008ef8      0x21c ../libdaisy/build\libdaisy.a(stm32h7xx_hal_qspi.o)
                0x08008ef8                HAL_QSPI_IRQHandler
 .text.SPI_CloseTransfer
                0x08009114       0xb8 ../libdaisy/build\libdaisy.a(stm32h7xx_hal_spi.o)
 .text.HAL_SPI_Init
                0x080091cc      0x168 ../libdaisy/build\libdaisy.a(stm32h7xx_hal_spi.o)
                0x080091cc                HAL_SPI_Init
 .text.HAL_SPI_Transmit
                0x08009334      0x344 ../libdaisy/build\libdaisy.a(stm32h7xx_hal_spi.o)
                0x08009334                HAL_SPI_Transmit
 .text.HAL_TIM_Base_Init
                0x08009678      0x128 ../libdaisy/build\libdaisy.a(stm32h7xx_hal_tim.o)
                0x08009678                HAL_TIM_Base_Init
 .text.HAL_TIM_ConfigClockSource
                0x080097a0      0x178 ../libdaisy/build\libdaisy.a(stm32h7xx_hal_tim.o)
                0x080097a0                HAL_TIM_ConfigClockSource
 .text.HAL_TIMEx_MasterConfigSynchronization
                0x08009918       0x60 ../libdaisy/build\libdaisy.a(stm32h7xx_hal_tim_ex.o)
                0x08009918                HAL_TIMEx_MasterConfigSynchronization
 .text.HAL_UART_TxCpltCallback
                0x08009978        0x4 ../libdaisy/build\libdaisy.a(stm32h7xx_hal_uart.o)
                0x08009978                HAL_UART_TxCpltCallback
 .text.HAL_UART_IRQHandler
                0x0800997c      0x1d8 ../libdaisy/build\libdaisy.a(stm32h7xx_hal_uart.o)
                0x0800997c                HAL_UART_IRQHandler
 .text.UART_DMAAbortOnError
                0x08009b54       0x18 ../libdaisy/build\libdaisy.a(stm32h7xx_hal_uart.o)
 *fill*         0x08009b6c        0x4 
 .text.UART_SetConfig
                0x08009b70     0x14e8 ../libdaisy/build\libdaisy.a(stm32h7xx_hal_uart.o)
                0x08009b70                UART_SetConfig
 .text.UART_AdvFeatureConfig
                0x0800b058       0xb0 ../libdaisy/build\libdaisy.a(stm32h7xx_hal_uart.o)
                0x0800b058                UART_AdvFeatureConfig
 .text.UART_CheckIdleState
                0x0800b108       0x80 ../libdaisy/build\libdaisy.a(stm32h7xx_hal_uart.o)
                0x0800b108                UART_CheckIdleState
 .text.HAL_UART_Init
                0x0800b188       0x68 ../libdaisy/build\libdaisy.a(stm32h7xx_hal_uart.o)
                0x0800b188                HAL_UART_Init
 .text.HAL_UARTEx_WakeupCallback
                0x0800b1f0        0x4 ../libdaisy/build\libdaisy.a(stm32h7xx_hal_uart_ex.o)
                0x0800b1f0                HAL_UARTEx_WakeupCallback
 .text.HAL_UARTEx_RxFifoFullCallback
                0x0800b1f4        0x4 ../libdaisy/build\libdaisy.a(stm32h7xx_hal_uart_ex.o)
                0x0800b1f4                HAL_UARTEx_RxFifoFullCallback
 .text.HAL_UARTEx_TxFifoEmptyCallback
                0x0800b1f8        0x4 ../libdaisy/build\libdaisy.a(stm32h7xx_hal_uart_ex.o)
                0x0800b1f8                HAL_UARTEx_TxFifoEmptyCallback
 .text.HAL_UARTEx_DisableFifoMode
                0x0800b1fc       0x3c ../libdaisy/build\libdaisy.a(stm32h7xx_hal_uart_ex.o)
                0x0800b1fc                HAL_UARTEx_DisableFifoMode
 .text.HAL_UARTEx_SetTxFifoThreshold
                0x0800b238       0xa0 ../libdaisy/build\libdaisy.a(stm32h7xx_hal_uart_ex.o)
                0x0800b238                HAL_UARTEx_SetTxFifoThreshold
 .text.HAL_UARTEx_SetRxFifoThreshold
                0x0800b2d8       0xa0 ../libdaisy/build\libdaisy.a(stm32h7xx_hal_uart_ex.o)
                0x0800b2d8                HAL_UARTEx_SetRxFifoThreshold
 .text.HAL_MDMA_Abort_IT
                0x0800b378       0x2c ../libdaisy/build\libdaisy.a(stm32h7xx_hal_mdma.o)
                0x0800b378                HAL_MDMA_Abort_IT
 .text.FMC_SDRAM_Init
                0x0800b3a4       0x78 ../libdaisy/build\libdaisy.a(stm32h7xx_ll_fmc.o)
                0x0800b3a4                FMC_SDRAM_Init
 .text.FMC_SDRAM_Timing_Init
                0x0800b41c       0x84 ../libdaisy/build\libdaisy.a(stm32h7xx_ll_fmc.o)
                0x0800b41c                FMC_SDRAM_Timing_Init
 .text.FMC_SDRAM_SendCommand
                0x0800b4a0       0x24 ../libdaisy/build\libdaisy.a(stm32h7xx_ll_fmc.o)
                0x0800b4a0                FMC_SDRAM_SendCommand
 .text.FMC_SDRAM_ProgramRefreshRate
                0x0800b4c4       0x1c ../libdaisy/build\libdaisy.a(stm32h7xx_ll_fmc.o)
                0x0800b4c4                FMC_SDRAM_ProgramRefreshRate
 .text.__aeabi_atexit
                0x0800b4e0        0xa c:/program files (x86)/gnu tools arm embedded/8 2019-q3-update/bin/../lib/gcc/arm-none-eabi/8.3.1/../../../../arm-none-eabi/lib/thumb/v7e-m+dp/hard\libstdc++_nano.a(atexit_arm.o)
                0x0800b4e0                __aeabi_atexit
 *fill*         0x0800b4ea        0x2 
 .text.__cxa_atexit
                0x0800b4ec       0x1c c:/program files (x86)/gnu tools arm embedded/8 2019-q3-update/bin/../lib/gcc/arm-none-eabi/8.3.1/../../../../arm-none-eabi/lib/thumb/v7e-m+dp/hard\libc_nano.a(lib_a-cxa_atexit.o)
                0x0800b4ec                __cxa_atexit
 .text.__libc_init_array
                0x0800b508       0x48 c:/program files (x86)/gnu tools arm embedded/8 2019-q3-update/bin/../lib/gcc/arm-none-eabi/8.3.1/../../../../arm-none-eabi/lib/thumb/v7e-m+dp/hard\libc_nano.a(lib_a-init.o)
                0x0800b508                __libc_init_array
 .text.memcpy   0x0800b550       0x1c c:/program files (x86)/gnu tools arm embedded/8 2019-q3-update/bin/../lib/gcc/arm-none-eabi/8.3.1/../../../../arm-none-eabi/lib/thumb/v7e-m+dp/hard\libc_nano.a(lib_a-memcpy-stub.o)
                0x0800b550                memcpy
 .text.memset   0x0800b56c       0x10 c:/program files (x86)/gnu tools arm embedded/8 2019-q3-update/bin/../lib/gcc/arm-none-eabi/8.3.1/../../../../arm-none-eabi/lib/thumb/v7e-m+dp/hard\libc_nano.a(lib_a-memset.o)
                0x0800b56c                memset
 *(.rodata)
 .rodata        0x0800b57c       0x10 ../libdaisy/build\libdaisy.a(util_hal_map.o)
 *(.rodata*)
 .rodata.D1CorePrescTable
                0x0800b58c       0x10 build/system_stm32h7xx.o
                0x0800b58c                D1CorePrescTable
 .rodata.dsy_adc_channel_map
                0x0800b59c       0x34 ../libdaisy/build\libdaisy.a(per_adc.o)
 .rodata.dsy_adc_rank_map
                0x0800b5d0       0x40 ../libdaisy/build\libdaisy.a(per_adc.o)
 .rodata.gpio_hal_pin_map
                0x0800b610       0x20 ../libdaisy/build\libdaisy.a(util_hal_map.o)
 .rodata.gpio_hal_port_map
                0x0800b630       0x30 ../libdaisy/build\libdaisy.a(util_hal_map.o)
 .rodata.flagBitshiftOffset.17833
                0x0800b660        0x8 ../libdaisy/build\libdaisy.a(stm32h7xx_hal_dma.o)
 .rodata._ZL8seedgpio
                0x0800b668       0x3e ../libdaisy/build\libdaisy.a(daisy_seed.o)
 *fill*         0x0800b6a6        0x2 
 .rodata.CSWTCH.365
                0x0800b6a8       0x29 ../libdaisy/build\libdaisy.a(stm32h7xx_hal_uart.o)
 *fill*         0x0800b6d1        0x3 
 .rodata.CSWTCH.366
                0x0800b6d4        0x6 ../libdaisy/build\libdaisy.a(stm32h7xx_hal_uart.o)
 *fill*         0x0800b6da        0x2 
 .rodata.CSWTCH.373
                0x0800b6dc        0x6 ../libdaisy/build\libdaisy.a(stm32h7xx_hal_uart.o)
 *(.glue_7)
 .glue_7        0x0800b6e2        0x0 linker stubs
 *(.glue_7t)
 .glue_7t       0x0800b6e2        0x0 linker stubs
 *(.init)
 *fill*         0x0800b6e2        0x2 
 .init          0x0800b6e4        0x4 c:/program files (x86)/gnu tools arm embedded/8 2019-q3-update/bin/../lib/gcc/arm-none-eabi/8.3.1/thumb/v7e-m+dp/hard/crti.o
                0x0800b6e4                _init
 .init          0x0800b6e8        0x8 c:/program files (x86)/gnu tools arm embedded/8 2019-q3-update/bin/../lib/gcc/arm-none-eabi/8.3.1/thumb/v7e-m+dp/hard/crtn.o
 *(.fini)
 .fini          0x0800b6f0        0x4 c:/program files (x86)/gnu tools arm embedded/8 2019-q3-update/bin/../lib/gcc/arm-none-eabi/8.3.1/thumb/v7e-m+dp/hard/crti.o
                0x0800b6f0                _fini
 .fini          0x0800b6f4        0x8 c:/program files (x86)/gnu tools arm embedded/8 2019-q3-update/bin/../lib/gcc/arm-none-eabi/8.3.1/thumb/v7e-m+dp/hard/crtn.o
                0x0800b6fc                . = ALIGN (0x4)
                0x0800b6fc                _etext = .

.vfp11_veneer   0x0800b6fc        0x0
 .vfp11_veneer  0x0800b6fc        0x0 linker stubs

.v4_bx          0x0800b6fc        0x0
 .v4_bx         0x0800b6fc        0x0 linker stubs

.iplt           0x0800b6fc        0x0
 .iplt          0x0800b6fc        0x0 c:/program files (x86)/gnu tools arm embedded/8 2019-q3-update/bin/../lib/gcc/arm-none-eabi/8.3.1/thumb/v7e-m+dp/hard/crtbegin.o

.ARM.extab      0x0800b6fc        0x0
                0x0800b6fc                . = ALIGN (0x4)
 *(.ARM.extab)
 *(.gnu.linkonce.armextab.*)
                0x0800b6fc                . = ALIGN (0x4)

.exidx          0x0800b6fc        0x8
                0x0800b6fc                . = ALIGN (0x4)
                [!provide]                PROVIDE (__exidx_start = .)
 *(.ARM.exidx*)
 .ARM.exidx     0x0800b6fc        0x8 c:/program files (x86)/gnu tools arm embedded/8 2019-q3-update/bin/../lib/gcc/arm-none-eabi/8.3.1/thumb/v7e-m+dp/hard\libgcc.a(_udivmoddi4.o)
                0x0800b704                . = ALIGN (0x4)
                [!provide]                PROVIDE (__exidx_end = .)

.rel.dyn        0x0800b704        0x0
 .rel.iplt      0x0800b704        0x0 c:/program files (x86)/gnu tools arm embedded/8 2019-q3-update/bin/../lib/gcc/arm-none-eabi/8.3.1/thumb/v7e-m+dp/hard/crtbegin.o

.ARM.attributes
                0x0800b704       0x2e
 *(.ARM.attributes)
 .ARM.attributes
                0x0800b704       0x1e c:/program files (x86)/gnu tools arm embedded/8 2019-q3-update/bin/../lib/gcc/arm-none-eabi/8.3.1/thumb/v7e-m+dp/hard/crti.o
 .ARM.attributes
                0x0800b722       0x32 c:/program files (x86)/gnu tools arm embedded/8 2019-q3-update/bin/../lib/gcc/arm-none-eabi/8.3.1/thumb/v7e-m+dp/hard/crtbegin.o
 .ARM.attributes
                0x0800b754       0x32 build/system_stm32h7xx.o
 .ARM.attributes
                0x0800b786       0x32 build/template.o
 .ARM.attributes
                0x0800b7b8       0x21 build/startup_stm32h750xx.o
 .ARM.attributes
                0x0800b7d9       0x32 ../libdaisy/build\libdaisy.a(daisy_patch.o)
 .ARM.attributes
                0x0800b80b       0x32 ../libdaisy/build\libdaisy.a(per_adc.o)
 .ARM.attributes
                0x0800b83d       0x32 ../libdaisy/build\libdaisy.a(hid_audio.o)
 .ARM.attributes
                0x0800b86f       0x32 ../libdaisy/build\libdaisy.a(sys_system.o)
 .ARM.attributes
                0x0800b8a1       0x32 ../libdaisy/build\libdaisy.a(per_i2c.o)
 .ARM.attributes
                0x0800b8d3       0x32 ../libdaisy/build\libdaisy.a(per_sai.o)
 .ARM.attributes
                0x0800b905       0x32 ../libdaisy/build\libdaisy.a(per_gpio.o)
 .ARM.attributes
                0x0800b937       0x32 ../libdaisy/build\libdaisy.a(per_dac.o)
 .ARM.attributes
                0x0800b969       0x32 ../libdaisy/build\libdaisy.a(hid_ctrl.o)
 .ARM.attributes
                0x0800b99b       0x32 ../libdaisy/build\libdaisy.a(hid_encoder.o)
 .ARM.attributes
                0x0800b9cd       0x32 ../libdaisy/build\libdaisy.a(hid_gatein.o)
 .ARM.attributes
                0x0800b9ff       0x32 ../libdaisy/build\libdaisy.a(hid_midi.o)
 .ARM.attributes
                0x0800ba31       0x32 ../libdaisy/build\libdaisy.a(hid_oled_display.o)
 .ARM.attributes
                0x0800ba63       0x32 ../libdaisy/build\libdaisy.a(hid_switch.o)
 .ARM.attributes
                0x0800ba95       0x32 ../libdaisy/build\libdaisy.a(util_hal_map.o)
 .ARM.attributes
                0x0800bac7       0x32 ../libdaisy/build\libdaisy.a(stm32h7xx_hal_adc.o)
 .ARM.attributes
                0x0800baf9       0x32 ../libdaisy/build\libdaisy.a(stm32h7xx_hal_adc_ex.o)
 .ARM.attributes
                0x0800bb2b       0x32 ../libdaisy/build\libdaisy.a(stm32h7xx_hal_cortex.o)
 .ARM.attributes
                0x0800bb5d       0x32 ../libdaisy/build\libdaisy.a(stm32h7xx_hal_dac.o)
 .ARM.attributes
                0x0800bb8f       0x32 ../libdaisy/build\libdaisy.a(stm32h7xx_hal_i2c.o)
 .ARM.attributes
                0x0800bbc1       0x32 ../libdaisy/build\libdaisy.a(stm32h7xx_hal_i2c_ex.o)
 .ARM.attributes
                0x0800bbf3       0x32 ../libdaisy/build\libdaisy.a(stm32h7xx_hal_sai.o)
 .ARM.attributes
                0x0800bc25       0x32 ../libdaisy/build\libdaisy.a(stm32h7xx_hal_rcc.o)
 .ARM.attributes
                0x0800bc57       0x32 ../libdaisy/build\libdaisy.a(stm32h7xx_hal_rcc_ex.o)
 .ARM.attributes
                0x0800bc89       0x32 ../libdaisy/build\libdaisy.a(stm32h7xx_hal_gpio.o)
 .ARM.attributes
                0x0800bcbb       0x32 ../libdaisy/build\libdaisy.a(stm32h7xx_hal_dma.o)
 .ARM.attributes
                0x0800bced       0x32 ../libdaisy/build\libdaisy.a(stm32h7xx_hal_pwr_ex.o)
 .ARM.attributes
                0x0800bd1f       0x32 ../libdaisy/build\libdaisy.a(stm32h7xx_hal.o)
 .ARM.attributes
                0x0800bd51       0x32 ../libdaisy/build\libdaisy.a(daisy_seed.o)
 .ARM.attributes
                0x0800bd83       0x32 ../libdaisy/build\libdaisy.a(dev_codec_pcm3060.o)
 .ARM.attributes
                0x0800bdb5       0x32 ../libdaisy/build\libdaisy.a(dev_codec_wm8731.o)
 .ARM.attributes
                0x0800bde7       0x32 ../libdaisy/build\libdaisy.a(dev_codec_ak4556.o)
 .ARM.attributes
                0x0800be19       0x32 ../libdaisy/build\libdaisy.a(sys_dma.o)
 .ARM.attributes
                0x0800be4b       0x32 ../libdaisy/build\libdaisy.a(per_qspi.o)
 .ARM.attributes
                0x0800be7d       0x32 ../libdaisy/build\libdaisy.a(dev_sdram.o)
 .ARM.attributes
                0x0800beaf       0x32 ../libdaisy/build\libdaisy.a(per_spi.o)
 .ARM.attributes
                0x0800bee1       0x32 ../libdaisy/build\libdaisy.a(per_tim.o)
 .ARM.attributes
                0x0800bf13       0x32 ../libdaisy/build\libdaisy.a(per_uart.o)
 .ARM.attributes
                0x0800bf45       0x32 ../libdaisy/build\libdaisy.a(stm32h7xx_hal_sdram.o)
 .ARM.attributes
                0x0800bf77       0x32 ../libdaisy/build\libdaisy.a(stm32h7xx_hal_qspi.o)
 .ARM.attributes
                0x0800bfa9       0x32 ../libdaisy/build\libdaisy.a(stm32h7xx_hal_spi.o)
 .ARM.attributes
                0x0800bfdb       0x32 ../libdaisy/build\libdaisy.a(stm32h7xx_hal_tim.o)
 .ARM.attributes
                0x0800c00d       0x32 ../libdaisy/build\libdaisy.a(stm32h7xx_hal_tim_ex.o)
 .ARM.attributes
                0x0800c03f       0x32 ../libdaisy/build\libdaisy.a(stm32h7xx_hal_uart.o)
 .ARM.attributes
                0x0800c071       0x32 ../libdaisy/build\libdaisy.a(stm32h7xx_hal_uart_ex.o)
 .ARM.attributes
                0x0800c0a3       0x32 ../libdaisy/build\libdaisy.a(stm32h7xx_hal_mdma.o)
 .ARM.attributes
                0x0800c0d5       0x32 ../libdaisy/build\libdaisy.a(stm32h7xx_ll_fmc.o)
 .ARM.attributes
                0x0800c107       0x32 c:/program files (x86)/gnu tools arm embedded/8 2019-q3-update/bin/../lib/gcc/arm-none-eabi/8.3.1/../../../../arm-none-eabi/lib/thumb/v7e-m+dp/hard\libstdc++_nano.a(atexit_arm.o)
 .ARM.attributes
                0x0800c139       0x32 c:/program files (x86)/gnu tools arm embedded/8 2019-q3-update/bin/../lib/gcc/arm-none-eabi/8.3.1/../../../../arm-none-eabi/lib/thumb/v7e-m+dp/hard\libc_nano.a(lib_a-cxa_atexit.o)
 .ARM.attributes
                0x0800c16b       0x32 c:/program files (x86)/gnu tools arm embedded/8 2019-q3-update/bin/../lib/gcc/arm-none-eabi/8.3.1/../../../../arm-none-eabi/lib/thumb/v7e-m+dp/hard\libc_nano.a(lib_a-init.o)
 .ARM.attributes
                0x0800c19d       0x32 c:/program files (x86)/gnu tools arm embedded/8 2019-q3-update/bin/../lib/gcc/arm-none-eabi/8.3.1/../../../../arm-none-eabi/lib/thumb/v7e-m+dp/hard\libc_nano.a(lib_a-memcpy-stub.o)
 .ARM.attributes
                0x0800c1cf       0x32 c:/program files (x86)/gnu tools arm embedded/8 2019-q3-update/bin/../lib/gcc/arm-none-eabi/8.3.1/../../../../arm-none-eabi/lib/thumb/v7e-m+dp/hard\libc_nano.a(lib_a-memset.o)
 .ARM.attributes
                0x0800c201       0x1e c:/program files (x86)/gnu tools arm embedded/8 2019-q3-update/bin/../lib/gcc/arm-none-eabi/8.3.1/thumb/v7e-m+dp/hard\libgcc.a(_aeabi_uldivmod.o)
 .ARM.attributes
                0x0800c21f       0x32 c:/program files (x86)/gnu tools arm embedded/8 2019-q3-update/bin/../lib/gcc/arm-none-eabi/8.3.1/thumb/v7e-m+dp/hard\libgcc.a(_udivmoddi4.o)
 .ARM.attributes
                0x0800c251       0x1e c:/program files (x86)/gnu tools arm embedded/8 2019-q3-update/bin/../lib/gcc/arm-none-eabi/8.3.1/thumb/v7e-m+dp/hard\libgcc.a(_dvmd_tls.o)
 .ARM.attributes
                0x0800c26f       0x1e c:/program files (x86)/gnu tools arm embedded/8 2019-q3-update/bin/../lib/gcc/arm-none-eabi/8.3.1/thumb/v7e-m+dp/hard/crtn.o

.preinit_array  0x0800b704        0x0
                0x0800b704                PROVIDE (__preinit_array_start = .)
 *(.preinit_array*)
                0x0800b704                PROVIDE (__preinit_array_end = .)

.init_array     0x0800b704        0xc
                0x0800b704                PROVIDE (__init_array_start = .)
 *(SORT_BY_NAME(.init_array.*))
 *(.init_array*)
 .init_array    0x0800b704        0x4 c:/program files (x86)/gnu tools arm embedded/8 2019-q3-update/bin/../lib/gcc/arm-none-eabi/8.3.1/thumb/v7e-m+dp/hard/crtbegin.o
 .init_array    0x0800b708        0x4 build/template.o
 .init_array    0x0800b70c        0x4 ../libdaisy/build\libdaisy.a(hid_oled_display.o)
                0x0800b710                PROVIDE (__init_array_end = .)

.fini_array     0x0800b710        0x4
                [!provide]                PROVIDE (__fini_array_start = .)
 *(.fini_array*)
 .fini_array    0x0800b710        0x4 c:/program files (x86)/gnu tools arm embedded/8 2019-q3-update/bin/../lib/gcc/arm-none-eabi/8.3.1/thumb/v7e-m+dp/hard/crtbegin.o
 *(SORT_BY_NAME(.fini_array.*))
                [!provide]                PROVIDE (__fini_array_end = .)

.data           0x24000000       0x14 load address 0x0800b714
                0x24000000                . = ALIGN (0x4)
                0x24000000                _sdata = .
                [!provide]                PROVIDE (__data_start__ = _sdata)
 *(.data)
 .data          0x24000000        0x4 c:/program files (x86)/gnu tools arm embedded/8 2019-q3-update/bin/../lib/gcc/arm-none-eabi/8.3.1/thumb/v7e-m+dp/hard/crtbegin.o
                0x24000000                __dso_handle
 *(.data*)
 .data.SystemCoreClock
                0x24000004        0x4 build/system_stm32h7xx.o
                0x24000004                SystemCoreClock
 .data.SystemD2Clock
                0x24000008        0x4 build/system_stm32h7xx.o
                0x24000008                SystemD2Clock
 .data.uwTickFreq
                0x2400000c        0x1 ../libdaisy/build\libdaisy.a(stm32h7xx_hal.o)
 *fill*         0x2400000d        0x3 
 .data.uwTickPrio
                0x24000010        0x4 ../libdaisy/build\libdaisy.a(stm32h7xx_hal.o)
                0x24000014                . = ALIGN (0x4)
                0x24000014                _edata = .
                [!provide]                PROVIDE (__data_end__ = _edata)
                0x0800b714                _sidata = LOADADDR (.data)

.igot.plt       0x24000014        0x0 load address 0x0800b728
 .igot.plt      0x24000014        0x0 c:/program files (x86)/gnu tools arm embedded/8 2019-q3-update/bin/../lib/gcc/arm-none-eabi/8.3.1/thumb/v7e-m+dp/hard/crtbegin.o

.bss            0x24000018     0x2060 load address 0x0800b728
                0x24000018                . = ALIGN (0x4)
                0x24000018                _sbss = .
                0x24000018                PROVIDE (__bss_start__ = _sbss)
 *(.bss)
 .bss           0x24000018       0x1c c:/program files (x86)/gnu tools arm embedded/8 2019-q3-update/bin/../lib/gcc/arm-none-eabi/8.3.1/thumb/v7e-m+dp/hard/crtbegin.o
 *(.bss*)
 .bss.hardware  0x24000034      0x210 build/template.o
                0x24000034                hardware
 .bss.adc       0x24000244       0x38 ../libdaisy/build\libdaisy.a(per_adc.o)
 .bss.audio_handle
                0x2400027c      0x828 ../libdaisy/build\libdaisy.a(hid_audio.o)
 .bss.audio_handle_ext
                0x24000aa4      0x828 ../libdaisy/build\libdaisy.a(hid_audio.o)
 .bss.using_new_callbacks
                0x240012cc        0x1 ../libdaisy/build\libdaisy.a(hid_audio.o)
 *fill*         0x240012cd        0x3 
 .bss.i2c1_handler
                0x240012d0        0x6 ../libdaisy/build\libdaisy.a(per_i2c.o)
 *fill*         0x240012d6        0x2 
 .bss.i2c2_handler
                0x240012d8        0x6 ../libdaisy/build\libdaisy.a(per_i2c.o)
 *fill*         0x240012de        0x2 
 .bss.i2c3_handler
                0x240012e0        0x6 ../libdaisy/build\libdaisy.a(per_i2c.o)
 *fill*         0x240012e6        0x2 
 .bss.i2c4_handler
                0x240012e8        0x6 ../libdaisy/build\libdaisy.a(per_i2c.o)
 *fill*         0x240012ee        0x2 
 .bss.SAI1_client
                0x240012f0        0x4 ../libdaisy/build\libdaisy.a(per_sai.o)
 .bss.SAI2_client
                0x240012f4        0x4 ../libdaisy/build\libdaisy.a(per_sai.o)
 .bss.sai_handle
                0x240012f8       0x21 ../libdaisy/build\libdaisy.a(per_sai.o)
 *fill*         0x24001319        0x3 
 .bss.dac       0x2400131c       0x1c ../libdaisy/build\libdaisy.a(per_dac.o)
 .bss._ZL14SSD1309_Buffer
                0x24001338      0x400 ../libdaisy/build\libdaisy.a(hid_oled_display.o)
 .bss._ZL5h_spi
                0x24001738        0x1 ../libdaisy/build\libdaisy.a(hid_oled_display.o)
 *fill*         0x24001739        0x3 
 .bss._ZL6pin_dc
                0x2400173c        0x4 ../libdaisy/build\libdaisy.a(hid_oled_display.o)
 .bss._ZL7SSD1309
                0x24001740        0x6 ../libdaisy/build\libdaisy.a(hid_oled_display.o)
 *fill*         0x24001746        0x2 
 .bss._ZL9pin_reset
                0x24001748        0x4 ../libdaisy/build\libdaisy.a(hid_oled_display.o)
 .bss.uwTick    0x2400174c        0x4 ../libdaisy/build\libdaisy.a(stm32h7xx_hal.o)
 .bss.qspi_handle
                0x24001750       0x54 ../libdaisy/build\libdaisy.a(per_qspi.o)
 .bss.FMC_Initialized
                0x240017a4        0x4 ../libdaisy/build\libdaisy.a(dev_sdram.o)
 .bss.dsy_sdram
                0x240017a8       0x3c ../libdaisy/build\libdaisy.a(dev_sdram.o)
 .bss._ZL5hspi1
                0x240017e4       0x88 ../libdaisy/build\libdaisy.a(per_spi.o)
 *fill*         0x2400186c        0x4 
 .bss.tim       0x24001870       0x4c ../libdaisy/build\libdaisy.a(per_tim.o)
 .bss._ZL7uhandle
                0x240018bc      0x15c ../libdaisy/build\libdaisy.a(per_uart.o)
 *(COMMON)
 COMMON         0x24001a18       0xdc ../libdaisy/build\libdaisy.a(per_adc.o)
                0x24001a18                hadc1
                0x24001a7c                hdma_adc1
 COMMON         0x24001af4      0x440 ../libdaisy/build\libdaisy.a(per_sai.o)
                0x24001af4                hsai_BlockB2
                0x24001b8c                hdma_sai2_b
                0x24001c04                hsai_BlockA2
                0x24001c9c                hsai_BlockB1
                0x24001d34                hdma_sai1_a
                0x24001dac                hdma_sai1_b
                0x24001e24                hdma_sai2_a
                0x24001e9c                hsai_BlockA1
 COMMON         0x24001f34      0x130 ../libdaisy/build\libdaisy.a(util_hal_map.o)
                0x24001f34                hi2c3
                0x24001f80                hi2c4
                0x24001fcc                hi2c1
                0x24002018                hi2c2
 COMMON         0x24002064       0x14 ../libdaisy/build\libdaisy.a(dev_codec_wm8731.o)
                0x24002064                codec_handle
                0x24002078                . = ALIGN (0x4)
                0x24002078                _ebss = .
                0x24002078                PROVIDE (__bss_end__ = _ebss)
                [!provide]                PROVIDE (end = .)

.dtcmram_bss    0x20000000        0x0
                0x20000000                . = ALIGN (0x4)
                0x20000000                _sdtcmram_bss = .
                [!provide]                PROVIDE (__dtcmram_bss_start__ = _sdtcmram_bss)
 *(.dtcmram_bss)
 *(.dtcmram_bss*)
                0x20000000                . = ALIGN (0x4)
                0x20000000                _edtcmram_bss = .
                [!provide]                PROVIDE (__dtcmram_bss_end__ = _edtcmram_bss)

.sram1_bss      0x30000000     0x210c
                0x30000000                . = ALIGN (0x4)
                0x30000000                _ssram1_bss = .
                [!provide]                PROVIDE (__sram1_bss_start__ = _sram1_bss)
 *(.sram1_bss)
 .sram1_bss     0x30000000       0xec ../libdaisy/build\libdaisy.a(per_adc.o)
 .sram1_bss     0x300000ec     0x2000 ../libdaisy/build\libdaisy.a(hid_audio.o)
 .sram1_bss     0x300020ec       0x20 ../libdaisy/build\libdaisy.a(per_uart.o)
                0x300020ec                uart_dma_buffer_rx
 *(.sram1_bss*)
                0x3000210c                . = ALIGN (0x4)
                0x3000210c                _esram1_bss = .
                [!provide]                PROVIDE (__sram1_bss_end__ = _esram1_bss)

.sdram_bss      0xc0000000        0x0
                0xc0000000                . = ALIGN (0x4)
                0xc0000000                _ssdram_bss = .
                [!provide]                PROVIDE (__sdram_bss_start = _ssdram_bss)
 *(.sdram_bss)
 *(.sdram_bss*)
                0xc0000000                . = ALIGN (0x4)
                0xc0000000                _esdram_bss = .
                [!provide]                PROVIDE (__sdram_bss_end = _esdram_bss)

.qspiflash_text
                0x90000000        0x0
                0x90000000                . = ALIGN (0x4)
                0x90000000                _sqspiflash_text = .
                [!provide]                PROVIDE (__qspiflash_text_start = _sqspiflash_text)
 *(.qspiflash_text)
 *(.qspiflash_text*)
                0x90000000                . = ALIGN (0x4)
                0x90000000                _eqspiflash_text = .
                [!provide]                PROVIDE (__qspiflash_text_end = _eqspiflash_text)

.qspiflash_data
                0x90000000        0x0
                0x90000000                . = ALIGN (0x4)
                0x90000000                _sqspiflash_data = .
                [!provide]                PROVIDE (__qspiflash_data_start = _sqspiflash_data)
 *(.qspiflash_data)
 *(.qspiflash_data*)
                0x90000000                . = ALIGN (0x4)
                0x90000000                _eqspiflash_data = .
                [!provide]                PROVIDE (__qspiflash_data_end = _eqspiflash_data)

.qspiflash_bss  0x90000000        0x0
                0x90000000                . = ALIGN (0x4)
                0x90000000                _sqspiflash_bss = .
                [!provide]                PROVIDE (__qspiflash_bss_start = _sqspiflash_bss)
 *(.qspiflash_bss)
 *(.qspiflash_bss*)
                0x90000000                . = ALIGN (0x4)
                0x90000000                _eqspiflash_bss = .
                [!provide]                PROVIDE (__qspiflash_bss_end = _eqspiflash_bss)

.heap           0x24002078        0x0
                0x24002078                . = ALIGN (0x4)
                [!provide]                PROVIDE (__heap_start__ = .)
 *(.heap)
                0x24002078                . = ALIGN (0x4)
                [!provide]                PROVIDE (__heap_end__ = .)

.reserved_for_stack
                0x24002078        0x0
                0x24002078                . = ALIGN (0x4)
                [!provide]                PROVIDE (__reserved_for_stack_start__ = .)
 *(.reserved_for_stack)
                0x24002078                . = ALIGN (0x4)
                [!provide]                PROVIDE (__reserved_for_stack_end__ = .)

DISCARD
 libc.a(*)
 libm.a(*)
 libgcc.a(*)
OUTPUT(build/template.elf elf32-littlearm)

.comment        0x00000000       0x76
 .comment       0x00000000       0x76 build/system_stm32h7xx.o
                                 0x77 (size before relaxing)
 .comment       0x00000076       0x77 build/template.o
 .comment       0x00000076       0x77 ../libdaisy/build\libdaisy.a(daisy_patch.o)
 .comment       0x00000076       0x77 ../libdaisy/build\libdaisy.a(per_adc.o)
 .comment       0x00000076       0x77 ../libdaisy/build\libdaisy.a(hid_audio.o)
 .comment       0x00000076       0x77 ../libdaisy/build\libdaisy.a(sys_system.o)
 .comment       0x00000076       0x77 ../libdaisy/build\libdaisy.a(per_i2c.o)
 .comment       0x00000076       0x77 ../libdaisy/build\libdaisy.a(per_sai.o)
 .comment       0x00000076       0x77 ../libdaisy/build\libdaisy.a(per_gpio.o)
 .comment       0x00000076       0x77 ../libdaisy/build\libdaisy.a(per_dac.o)
 .comment       0x00000076       0x77 ../libdaisy/build\libdaisy.a(hid_ctrl.o)
 .comment       0x00000076       0x77 ../libdaisy/build\libdaisy.a(hid_encoder.o)
 .comment       0x00000076       0x77 ../libdaisy/build\libdaisy.a(hid_gatein.o)
 .comment       0x00000076       0x77 ../libdaisy/build\libdaisy.a(hid_midi.o)
 .comment       0x00000076       0x77 ../libdaisy/build\libdaisy.a(hid_oled_display.o)
 .comment       0x00000076       0x77 ../libdaisy/build\libdaisy.a(hid_switch.o)
 .comment       0x00000076       0x77 ../libdaisy/build\libdaisy.a(util_hal_map.o)
 .comment       0x00000076       0x77 ../libdaisy/build\libdaisy.a(stm32h7xx_hal_adc.o)
 .comment       0x00000076       0x77 ../libdaisy/build\libdaisy.a(stm32h7xx_hal_adc_ex.o)
 .comment       0x00000076       0x77 ../libdaisy/build\libdaisy.a(stm32h7xx_hal_cortex.o)
 .comment       0x00000076       0x77 ../libdaisy/build\libdaisy.a(stm32h7xx_hal_dac.o)
 .comment       0x00000076       0x77 ../libdaisy/build\libdaisy.a(stm32h7xx_hal_i2c.o)
 .comment       0x00000076       0x77 ../libdaisy/build\libdaisy.a(stm32h7xx_hal_i2c_ex.o)
 .comment       0x00000076       0x77 ../libdaisy/build\libdaisy.a(stm32h7xx_hal_sai.o)
 .comment       0x00000076       0x77 ../libdaisy/build\libdaisy.a(stm32h7xx_hal_rcc.o)
 .comment       0x00000076       0x77 ../libdaisy/build\libdaisy.a(stm32h7xx_hal_rcc_ex.o)
 .comment       0x00000076       0x77 ../libdaisy/build\libdaisy.a(stm32h7xx_hal_gpio.o)
 .comment       0x00000076       0x77 ../libdaisy/build\libdaisy.a(stm32h7xx_hal_dma.o)
 .comment       0x00000076       0x77 ../libdaisy/build\libdaisy.a(stm32h7xx_hal_pwr_ex.o)
 .comment       0x00000076       0x77 ../libdaisy/build\libdaisy.a(stm32h7xx_hal.o)
 .comment       0x00000076       0x77 ../libdaisy/build\libdaisy.a(daisy_seed.o)
 .comment       0x00000076       0x77 ../libdaisy/build\libdaisy.a(dev_codec_pcm3060.o)
 .comment       0x00000076       0x77 ../libdaisy/build\libdaisy.a(dev_codec_wm8731.o)
 .comment       0x00000076       0x77 ../libdaisy/build\libdaisy.a(dev_codec_ak4556.o)
 .comment       0x00000076       0x77 ../libdaisy/build\libdaisy.a(sys_dma.o)
 .comment       0x00000076       0x77 ../libdaisy/build\libdaisy.a(per_qspi.o)
 .comment       0x00000076       0x77 ../libdaisy/build\libdaisy.a(dev_sdram.o)
 .comment       0x00000076       0x77 ../libdaisy/build\libdaisy.a(per_spi.o)
 .comment       0x00000076       0x77 ../libdaisy/build\libdaisy.a(per_tim.o)
 .comment       0x00000076       0x77 ../libdaisy/build\libdaisy.a(per_uart.o)
 .comment       0x00000076       0x77 ../libdaisy/build\libdaisy.a(stm32h7xx_hal_sdram.o)
 .comment       0x00000076       0x77 ../libdaisy/build\libdaisy.a(stm32h7xx_hal_qspi.o)
 .comment       0x00000076       0x77 ../libdaisy/build\libdaisy.a(stm32h7xx_hal_spi.o)
 .comment       0x00000076       0x77 ../libdaisy/build\libdaisy.a(stm32h7xx_hal_tim.o)
 .comment       0x00000076       0x77 ../libdaisy/build\libdaisy.a(stm32h7xx_hal_tim_ex.o)
 .comment       0x00000076       0x77 ../libdaisy/build\libdaisy.a(stm32h7xx_hal_uart.o)
 .comment       0x00000076       0x77 ../libdaisy/build\libdaisy.a(stm32h7xx_hal_uart_ex.o)
 .comment       0x00000076       0x77 ../libdaisy/build\libdaisy.a(stm32h7xx_hal_mdma.o)
 .comment       0x00000076       0x77 ../libdaisy/build\libdaisy.a(stm32h7xx_ll_fmc.o)

.debug_frame    0x00000000      0x11c
 .debug_frame   0x00000000       0x20 c:/program files (x86)/gnu tools arm embedded/8 2019-q3-update/bin/../lib/gcc/arm-none-eabi/8.3.1/../../../../arm-none-eabi/lib/thumb/v7e-m+dp/hard\libstdc++_nano.a(atexit_arm.o)
 .debug_frame   0x00000020       0x28 c:/program files (x86)/gnu tools arm embedded/8 2019-q3-update/bin/../lib/gcc/arm-none-eabi/8.3.1/../../../../arm-none-eabi/lib/thumb/v7e-m+dp/hard\libc_nano.a(lib_a-cxa_atexit.o)
 .debug_frame   0x00000048       0x2c c:/program files (x86)/gnu tools arm embedded/8 2019-q3-update/bin/../lib/gcc/arm-none-eabi/8.3.1/../../../../arm-none-eabi/lib/thumb/v7e-m+dp/hard\libc_nano.a(lib_a-init.o)
 .debug_frame   0x00000074       0x28 c:/program files (x86)/gnu tools arm embedded/8 2019-q3-update/bin/../lib/gcc/arm-none-eabi/8.3.1/../../../../arm-none-eabi/lib/thumb/v7e-m+dp/hard\libc_nano.a(lib_a-memcpy-stub.o)
 .debug_frame   0x0000009c       0x20 c:/program files (x86)/gnu tools arm embedded/8 2019-q3-update/bin/../lib/gcc/arm-none-eabi/8.3.1/../../../../arm-none-eabi/lib/thumb/v7e-m+dp/hard\libc_nano.a(lib_a-memset.o)
 .debug_frame   0x000000bc       0x2c c:/program files (x86)/gnu tools arm embedded/8 2019-q3-update/bin/../lib/gcc/arm-none-eabi/8.3.1/thumb/v7e-m+dp/hard\libgcc.a(_aeabi_uldivmod.o)
 .debug_frame   0x000000e8       0x34 c:/program files (x86)/gnu tools arm embedded/8 2019-q3-update/bin/../lib/gcc/arm-none-eabi/8.3.1/thumb/v7e-m+dp/hard\libgcc.a(_udivmoddi4.o)

Cross Reference Table

Symbol                                            File
ADC3_IRQHandler                                   build/startup_stm32h750xx.o
ADC_ConfigureBoostMode                            ../libdaisy/build\libdaisy.a(stm32h7xx_hal_adc.o)
ADC_ConversionStop                                ../libdaisy/build\libdaisy.a(stm32h7xx_hal_adc.o)
                                                  ../libdaisy/build\libdaisy.a(stm32h7xx_hal_adc_ex.o)
ADC_DMAConvCplt                                   ../libdaisy/build\libdaisy.a(stm32h7xx_hal_adc.o)
                                                  ../libdaisy/build\libdaisy.a(stm32h7xx_hal_adc_ex.o)
ADC_DMAError                                      ../libdaisy/build\libdaisy.a(stm32h7xx_hal_adc.o)
                                                  ../libdaisy/build\libdaisy.a(stm32h7xx_hal_adc_ex.o)
ADC_DMAHalfConvCplt                               ../libdaisy/build\libdaisy.a(stm32h7xx_hal_adc.o)
                                                  ../libdaisy/build\libdaisy.a(stm32h7xx_hal_adc_ex.o)
ADC_Disable                                       ../libdaisy/build\libdaisy.a(stm32h7xx_hal_adc.o)
                                                  ../libdaisy/build\libdaisy.a(stm32h7xx_hal_adc_ex.o)
ADC_Enable                                        ../libdaisy/build\libdaisy.a(stm32h7xx_hal_adc.o)
                                                  ../libdaisy/build\libdaisy.a(stm32h7xx_hal_adc_ex.o)
ADC_IRQHandler                                    build/startup_stm32h750xx.o
BDMA_Channel0_IRQHandler                          build/startup_stm32h750xx.o
BDMA_Channel1_IRQHandler                          build/startup_stm32h750xx.o
BDMA_Channel2_IRQHandler                          build/startup_stm32h750xx.o
BDMA_Channel3_IRQHandler                          build/startup_stm32h750xx.o
BDMA_Channel4_IRQHandler                          build/startup_stm32h750xx.o
BDMA_Channel5_IRQHandler                          build/startup_stm32h750xx.o
BDMA_Channel6_IRQHandler                          build/startup_stm32h750xx.o
BDMA_Channel7_IRQHandler                          build/startup_stm32h750xx.o
BusFault_Handler                                  build/startup_stm32h750xx.o
CEC_IRQHandler                                    build/startup_stm32h750xx.o
COMP1_IRQHandler                                  build/startup_stm32h750xx.o
CRS_IRQHandler                                    build/startup_stm32h750xx.o
CRYP_IRQHandler                                   build/startup_stm32h750xx.o
D1CorePrescTable                                  build/system_stm32h7xx.o
                                                  ../libdaisy/build\libdaisy.a(stm32h7xx_hal.o)
                                                  ../libdaisy/build\libdaisy.a(stm32h7xx_hal_rcc_ex.o)
                                                  ../libdaisy/build\libdaisy.a(stm32h7xx_hal_rcc.o)
DAC_DMAConvCpltCh2                                ../libdaisy/build\libdaisy.a(stm32h7xx_hal_dac_ex.o)
                                                  ../libdaisy/build\libdaisy.a(stm32h7xx_hal_dac.o)
DAC_DMAErrorCh2                                   ../libdaisy/build\libdaisy.a(stm32h7xx_hal_dac_ex.o)
                                                  ../libdaisy/build\libdaisy.a(stm32h7xx_hal_dac.o)
DAC_DMAHalfConvCpltCh2                            ../libdaisy/build\libdaisy.a(stm32h7xx_hal_dac_ex.o)
                                                  ../libdaisy/build\libdaisy.a(stm32h7xx_hal_dac.o)
DCMI_IRQHandler                                   build/startup_stm32h750xx.o
DFSDM1_FLT0_IRQHandler                            build/startup_stm32h750xx.o
DFSDM1_FLT1_IRQHandler                            build/startup_stm32h750xx.o
DFSDM1_FLT2_IRQHandler                            build/startup_stm32h750xx.o
DFSDM1_FLT3_IRQHandler                            build/startup_stm32h750xx.o
DMA1_Stream0_IRQHandler                           ../libdaisy/build\libdaisy.a(hid_audio.o)
                                                  build/startup_stm32h750xx.o
DMA1_Stream1_IRQHandler                           ../libdaisy/build\libdaisy.a(hid_audio.o)
                                                  build/startup_stm32h750xx.o
DMA1_Stream2_IRQHandler                           ../libdaisy/build\libdaisy.a(per_adc.o)
                                                  build/startup_stm32h750xx.o
DMA1_Stream3_IRQHandler                           ../libdaisy/build\libdaisy.a(hid_audio.o)
                                                  build/startup_stm32h750xx.o
DMA1_Stream4_IRQHandler                           ../libdaisy/build\libdaisy.a(hid_audio.o)
                                                  build/startup_stm32h750xx.o
DMA1_Stream5_IRQHandler                           ../libdaisy/build\libdaisy.a(per_uart.o)
                                                  build/startup_stm32h750xx.o
DMA1_Stream6_IRQHandler                           build/startup_stm32h750xx.o
DMA1_Stream7_IRQHandler                           build/startup_stm32h750xx.o
DMA2D_IRQHandler                                  build/startup_stm32h750xx.o
DMA2_Stream0_IRQHandler                           build/startup_stm32h750xx.o
DMA2_Stream1_IRQHandler                           build/startup_stm32h750xx.o
DMA2_Stream2_IRQHandler                           build/startup_stm32h750xx.o
DMA2_Stream3_IRQHandler                           build/startup_stm32h750xx.o
DMA2_Stream4_IRQHandler                           build/startup_stm32h750xx.o
DMA2_Stream5_IRQHandler                           build/startup_stm32h750xx.o
DMA2_Stream6_IRQHandler                           build/startup_stm32h750xx.o
DMA2_Stream7_IRQHandler                           build/startup_stm32h750xx.o
DMAMUX1_OVR_IRQHandler                            build/startup_stm32h750xx.o
DMAMUX2_OVR_IRQHandler                            build/startup_stm32h750xx.o
DebugMon_Handler                                  build/startup_stm32h750xx.o
Default_Handler                                   build/startup_stm32h750xx.o
ECC_IRQHandler                                    build/startup_stm32h750xx.o
ETH_IRQHandler                                    build/startup_stm32h750xx.o
ETH_WKUP_IRQHandler                               build/startup_stm32h750xx.o
EXTI0_IRQHandler                                  build/startup_stm32h750xx.o
EXTI15_10_IRQHandler                              build/startup_stm32h750xx.o
EXTI1_IRQHandler                                  build/startup_stm32h750xx.o
EXTI2_IRQHandler                                  build/startup_stm32h750xx.o
EXTI3_IRQHandler                                  build/startup_stm32h750xx.o
EXTI4_IRQHandler                                  build/startup_stm32h750xx.o
EXTI9_5_IRQHandler                                build/startup_stm32h750xx.o
FDCAN1_IT0_IRQHandler                             build/startup_stm32h750xx.o
FDCAN1_IT1_IRQHandler                             build/startup_stm32h750xx.o
FDCAN2_IT0_IRQHandler                             build/startup_stm32h750xx.o
FDCAN2_IT1_IRQHandler                             build/startup_stm32h750xx.o
FDCAN_CAL_IRQHandler                              build/startup_stm32h750xx.o
FLASH_IRQHandler                                  build/startup_stm32h750xx.o
FMC_IRQHandler                                    build/startup_stm32h750xx.o
FMC_NAND_AttributeSpace_Timing_Init               ../libdaisy/build\libdaisy.a(stm32h7xx_ll_fmc.o)
FMC_NAND_CommonSpace_Timing_Init                  ../libdaisy/build\libdaisy.a(stm32h7xx_ll_fmc.o)
FMC_NAND_DeInit                                   ../libdaisy/build\libdaisy.a(stm32h7xx_ll_fmc.o)
FMC_NAND_ECC_Disable                              ../libdaisy/build\libdaisy.a(stm32h7xx_ll_fmc.o)
FMC_NAND_ECC_Enable                               ../libdaisy/build\libdaisy.a(stm32h7xx_ll_fmc.o)
FMC_NAND_GetECC                                   ../libdaisy/build\libdaisy.a(stm32h7xx_ll_fmc.o)
FMC_NAND_Init                                     ../libdaisy/build\libdaisy.a(stm32h7xx_ll_fmc.o)
FMC_NORSRAM_DeInit                                ../libdaisy/build\libdaisy.a(stm32h7xx_ll_fmc.o)
FMC_NORSRAM_Extended_Timing_Init                  ../libdaisy/build\libdaisy.a(stm32h7xx_ll_fmc.o)
FMC_NORSRAM_Init                                  ../libdaisy/build\libdaisy.a(stm32h7xx_ll_fmc.o)
FMC_NORSRAM_Timing_Init                           ../libdaisy/build\libdaisy.a(stm32h7xx_ll_fmc.o)
FMC_NORSRAM_WriteOperation_Disable                ../libdaisy/build\libdaisy.a(stm32h7xx_ll_fmc.o)
FMC_NORSRAM_WriteOperation_Enable                 ../libdaisy/build\libdaisy.a(stm32h7xx_ll_fmc.o)
FMC_SDRAM_DeInit                                  ../libdaisy/build\libdaisy.a(stm32h7xx_ll_fmc.o)
                                                  ../libdaisy/build\libdaisy.a(stm32h7xx_hal_sdram.o)
FMC_SDRAM_GetModeStatus                           ../libdaisy/build\libdaisy.a(stm32h7xx_ll_fmc.o)
                                                  ../libdaisy/build\libdaisy.a(stm32h7xx_hal_sdram.o)
FMC_SDRAM_Init                                    ../libdaisy/build\libdaisy.a(stm32h7xx_ll_fmc.o)
                                                  ../libdaisy/build\libdaisy.a(stm32h7xx_hal_sdram.o)
FMC_SDRAM_ProgramRefreshRate                      ../libdaisy/build\libdaisy.a(stm32h7xx_ll_fmc.o)
                                                  ../libdaisy/build\libdaisy.a(stm32h7xx_hal_sdram.o)
FMC_SDRAM_SendCommand                             ../libdaisy/build\libdaisy.a(stm32h7xx_ll_fmc.o)
                                                  ../libdaisy/build\libdaisy.a(stm32h7xx_hal_sdram.o)
FMC_SDRAM_SetAutoRefreshNumber                    ../libdaisy/build\libdaisy.a(stm32h7xx_ll_fmc.o)
                                                  ../libdaisy/build\libdaisy.a(stm32h7xx_hal_sdram.o)
FMC_SDRAM_Timing_Init                             ../libdaisy/build\libdaisy.a(stm32h7xx_ll_fmc.o)
                                                  ../libdaisy/build\libdaisy.a(stm32h7xx_hal_sdram.o)
FMC_SDRAM_WriteProtection_Disable                 ../libdaisy/build\libdaisy.a(stm32h7xx_ll_fmc.o)
                                                  ../libdaisy/build\libdaisy.a(stm32h7xx_hal_sdram.o)
FMC_SDRAM_WriteProtection_Enable                  ../libdaisy/build\libdaisy.a(stm32h7xx_ll_fmc.o)
                                                  ../libdaisy/build\libdaisy.a(stm32h7xx_hal_sdram.o)
FPU_IRQHandler                                    build/startup_stm32h750xx.o
HAL_ADCEx_Calibration_GetValue                    ../libdaisy/build\libdaisy.a(stm32h7xx_hal_adc_ex.o)
HAL_ADCEx_Calibration_SetValue                    ../libdaisy/build\libdaisy.a(stm32h7xx_hal_adc_ex.o)
HAL_ADCEx_Calibration_Start                       ../libdaisy/build\libdaisy.a(stm32h7xx_hal_adc_ex.o)
                                                  ../libdaisy/build\libdaisy.a(per_adc.o)
HAL_ADCEx_DisableInjectedQueue                    ../libdaisy/build\libdaisy.a(stm32h7xx_hal_adc_ex.o)
HAL_ADCEx_DisableVoltageRegulator                 ../libdaisy/build\libdaisy.a(stm32h7xx_hal_adc_ex.o)
HAL_ADCEx_EnableInjectedQueue                     ../libdaisy/build\libdaisy.a(stm32h7xx_hal_adc_ex.o)
HAL_ADCEx_EndOfSamplingCallback                   ../libdaisy/build\libdaisy.a(stm32h7xx_hal_adc_ex.o)
                                                  ../libdaisy/build\libdaisy.a(stm32h7xx_hal_adc.o)
HAL_ADCEx_EnterADCDeepPowerDownMode               ../libdaisy/build\libdaisy.a(stm32h7xx_hal_adc_ex.o)
HAL_ADCEx_InjectedConfigChannel                   ../libdaisy/build\libdaisy.a(stm32h7xx_hal_adc_ex.o)
HAL_ADCEx_InjectedConvCpltCallback                ../libdaisy/build\libdaisy.a(stm32h7xx_hal_adc_ex.o)
                                                  ../libdaisy/build\libdaisy.a(stm32h7xx_hal_adc.o)
HAL_ADCEx_InjectedGetValue                        ../libdaisy/build\libdaisy.a(stm32h7xx_hal_adc_ex.o)
HAL_ADCEx_InjectedPollForConversion               ../libdaisy/build\libdaisy.a(stm32h7xx_hal_adc_ex.o)
HAL_ADCEx_InjectedQueueOverflowCallback           ../libdaisy/build\libdaisy.a(stm32h7xx_hal_adc_ex.o)
                                                  ../libdaisy/build\libdaisy.a(stm32h7xx_hal_adc.o)
HAL_ADCEx_InjectedStart                           ../libdaisy/build\libdaisy.a(stm32h7xx_hal_adc_ex.o)
HAL_ADCEx_InjectedStart_IT                        ../libdaisy/build\libdaisy.a(stm32h7xx_hal_adc_ex.o)
HAL_ADCEx_InjectedStop                            ../libdaisy/build\libdaisy.a(stm32h7xx_hal_adc_ex.o)
HAL_ADCEx_InjectedStop_IT                         ../libdaisy/build\libdaisy.a(stm32h7xx_hal_adc_ex.o)
HAL_ADCEx_LevelOutOfWindow2Callback               ../libdaisy/build\libdaisy.a(stm32h7xx_hal_adc_ex.o)
                                                  ../libdaisy/build\libdaisy.a(stm32h7xx_hal_adc.o)
HAL_ADCEx_LevelOutOfWindow3Callback               ../libdaisy/build\libdaisy.a(stm32h7xx_hal_adc_ex.o)
                                                  ../libdaisy/build\libdaisy.a(stm32h7xx_hal_adc.o)
HAL_ADCEx_LinearCalibration_GetValue              ../libdaisy/build\libdaisy.a(stm32h7xx_hal_adc_ex.o)
HAL_ADCEx_LinearCalibration_SetValue              ../libdaisy/build\libdaisy.a(stm32h7xx_hal_adc_ex.o)
HAL_ADCEx_MultiModeConfigChannel                  ../libdaisy/build\libdaisy.a(stm32h7xx_hal_adc_ex.o)
                                                  ../libdaisy/build\libdaisy.a(per_adc.o)
HAL_ADCEx_MultiModeGetValue                       ../libdaisy/build\libdaisy.a(stm32h7xx_hal_adc_ex.o)
HAL_ADCEx_MultiModeStart_DMA                      ../libdaisy/build\libdaisy.a(stm32h7xx_hal_adc_ex.o)
HAL_ADCEx_MultiModeStop_DMA                       ../libdaisy/build\libdaisy.a(stm32h7xx_hal_adc_ex.o)
HAL_ADCEx_RegularMultiModeStop_DMA                ../libdaisy/build\libdaisy.a(stm32h7xx_hal_adc_ex.o)
HAL_ADCEx_RegularStop                             ../libdaisy/build\libdaisy.a(stm32h7xx_hal_adc_ex.o)
HAL_ADCEx_RegularStop_DMA                         ../libdaisy/build\libdaisy.a(stm32h7xx_hal_adc_ex.o)
HAL_ADCEx_RegularStop_IT                          ../libdaisy/build\libdaisy.a(stm32h7xx_hal_adc_ex.o)
HAL_ADC_AnalogWDGConfig                           ../libdaisy/build\libdaisy.a(stm32h7xx_hal_adc.o)
HAL_ADC_ConfigChannel                             ../libdaisy/build\libdaisy.a(stm32h7xx_hal_adc.o)
                                                  ../libdaisy/build\libdaisy.a(per_adc.o)
HAL_ADC_ConvCpltCallback                          ../libdaisy/build\libdaisy.a(per_adc.o)
HAL_ADC_ConvHalfCpltCallback                      ../libdaisy/build\libdaisy.a(stm32h7xx_hal_adc.o)
HAL_ADC_DeInit                                    ../libdaisy/build\libdaisy.a(stm32h7xx_hal_adc.o)
HAL_ADC_ErrorCallback                             ../libdaisy/build\libdaisy.a(stm32h7xx_hal_adc.o)
HAL_ADC_GetError                                  ../libdaisy/build\libdaisy.a(stm32h7xx_hal_adc.o)
HAL_ADC_GetState                                  ../libdaisy/build\libdaisy.a(stm32h7xx_hal_adc.o)
HAL_ADC_GetValue                                  ../libdaisy/build\libdaisy.a(stm32h7xx_hal_adc.o)
HAL_ADC_IRQHandler                                ../libdaisy/build\libdaisy.a(stm32h7xx_hal_adc.o)
HAL_ADC_Init                                      ../libdaisy/build\libdaisy.a(stm32h7xx_hal_adc.o)
                                                  ../libdaisy/build\libdaisy.a(per_adc.o)
HAL_ADC_LevelOutOfWindowCallback                  ../libdaisy/build\libdaisy.a(stm32h7xx_hal_adc.o)
HAL_ADC_MspDeInit                                 ../libdaisy/build\libdaisy.a(per_adc.o)
HAL_ADC_MspInit                                   ../libdaisy/build\libdaisy.a(per_adc.o)
HAL_ADC_PollForConversion                         ../libdaisy/build\libdaisy.a(stm32h7xx_hal_adc.o)
HAL_ADC_PollForEvent                              ../libdaisy/build\libdaisy.a(stm32h7xx_hal_adc.o)
HAL_ADC_Start                                     ../libdaisy/build\libdaisy.a(stm32h7xx_hal_adc.o)
HAL_ADC_Start_DMA                                 ../libdaisy/build\libdaisy.a(stm32h7xx_hal_adc.o)
                                                  ../libdaisy/build\libdaisy.a(per_adc.o)
HAL_ADC_Start_IT                                  ../libdaisy/build\libdaisy.a(stm32h7xx_hal_adc.o)
HAL_ADC_Stop                                      ../libdaisy/build\libdaisy.a(stm32h7xx_hal_adc.o)
HAL_ADC_Stop_DMA                                  ../libdaisy/build\libdaisy.a(stm32h7xx_hal_adc.o)